Archive member included to satisfy reference by file (symbol)

/usr/bin/../lib/gcc/arm-none-eabi/9.2.1/../../../../arm-none-eabi/lib/thumb/v7e-m+fp/hard/libc_nano.a(lib_a-exit.o)
                              /usr/bin/../lib/gcc/arm-none-eabi/9.2.1/../../../../arm-none-eabi/lib/thumb/v7e-m+fp/hard/crt0.o (exit)
/usr/bin/../lib/gcc/arm-none-eabi/9.2.1/../../../../arm-none-eabi/lib/thumb/v7e-m+fp/hard/libc_nano.a(lib_a-impure.o)
                              /usr/bin/../lib/gcc/arm-none-eabi/9.2.1/../../../../arm-none-eabi/lib/thumb/v7e-m+fp/hard/libc_nano.a(lib_a-exit.o) (_global_impure_ptr)
/usr/bin/../lib/gcc/arm-none-eabi/9.2.1/../../../../arm-none-eabi/lib/thumb/v7e-m+fp/hard/libc_nano.a(lib_a-init.o)
                              /usr/bin/../lib/gcc/arm-none-eabi/9.2.1/../../../../arm-none-eabi/lib/thumb/v7e-m+fp/hard/crt0.o (__libc_init_array)
/usr/bin/../lib/gcc/arm-none-eabi/9.2.1/../../../../arm-none-eabi/lib/thumb/v7e-m+fp/hard/libc_nano.a(lib_a-malloc.o)
                              build/usbh_cdc.o (malloc)
/usr/bin/../lib/gcc/arm-none-eabi/9.2.1/../../../../arm-none-eabi/lib/thumb/v7e-m+fp/hard/libc_nano.a(lib_a-memset.o)
                              /usr/bin/../lib/gcc/arm-none-eabi/9.2.1/../../../../arm-none-eabi/lib/thumb/v7e-m+fp/hard/crt0.o (memset)
/usr/bin/../lib/gcc/arm-none-eabi/9.2.1/../../../../arm-none-eabi/lib/thumb/v7e-m+fp/hard/libc_nano.a(lib_a-nano-freer.o)
                              /usr/bin/../lib/gcc/arm-none-eabi/9.2.1/../../../../arm-none-eabi/lib/thumb/v7e-m+fp/hard/libc_nano.a(lib_a-malloc.o) (_free_r)
/usr/bin/../lib/gcc/arm-none-eabi/9.2.1/../../../../arm-none-eabi/lib/thumb/v7e-m+fp/hard/libc_nano.a(lib_a-nano-mallocr.o)
                              /usr/bin/../lib/gcc/arm-none-eabi/9.2.1/../../../../arm-none-eabi/lib/thumb/v7e-m+fp/hard/libc_nano.a(lib_a-malloc.o) (_malloc_r)
/usr/bin/../lib/gcc/arm-none-eabi/9.2.1/../../../../arm-none-eabi/lib/thumb/v7e-m+fp/hard/libc_nano.a(lib_a-sbrkr.o)
                              /usr/bin/../lib/gcc/arm-none-eabi/9.2.1/../../../../arm-none-eabi/lib/thumb/v7e-m+fp/hard/libc_nano.a(lib_a-nano-mallocr.o) (_sbrk_r)
/usr/bin/../lib/gcc/arm-none-eabi/9.2.1/../../../../arm-none-eabi/lib/thumb/v7e-m+fp/hard/libc_nano.a(lib_a-mlock.o)
                              /usr/bin/../lib/gcc/arm-none-eabi/9.2.1/../../../../arm-none-eabi/lib/thumb/v7e-m+fp/hard/libc_nano.a(lib_a-nano-freer.o) (__malloc_lock)
/usr/bin/../lib/gcc/arm-none-eabi/9.2.1/../../../../arm-none-eabi/lib/thumb/v7e-m+fp/hard/libc_nano.a(lib_a-reent.o)
                              /usr/bin/../lib/gcc/arm-none-eabi/9.2.1/../../../../arm-none-eabi/lib/thumb/v7e-m+fp/hard/libc_nano.a(lib_a-sbrkr.o) (errno)
/usr/bin/../lib/gcc/arm-none-eabi/9.2.1/../../../../arm-none-eabi/lib/thumb/v7e-m+fp/hard/libc_nano.a(lib_a-lock.o)
                              /usr/bin/../lib/gcc/arm-none-eabi/9.2.1/../../../../arm-none-eabi/lib/thumb/v7e-m+fp/hard/libc_nano.a(lib_a-mlock.o) (__retarget_lock_acquire_recursive)
/usr/bin/../lib/gcc/arm-none-eabi/9.2.1/../../../../arm-none-eabi/lib/thumb/v7e-m+fp/hard/libnosys.a(sbrk.o)
                              /usr/bin/../lib/gcc/arm-none-eabi/9.2.1/../../../../arm-none-eabi/lib/thumb/v7e-m+fp/hard/libc_nano.a(lib_a-sbrkr.o) (_sbrk)
/usr/bin/../lib/gcc/arm-none-eabi/9.2.1/../../../../arm-none-eabi/lib/thumb/v7e-m+fp/hard/libnosys.a(_exit.o)
                              /usr/bin/../lib/gcc/arm-none-eabi/9.2.1/../../../../arm-none-eabi/lib/thumb/v7e-m+fp/hard/libc_nano.a(lib_a-exit.o) (_exit)
/usr/bin/../lib/gcc/arm-none-eabi/9.2.1/thumb/v7e-m+fp/hard/libgcc.a(_arm_addsubdf3.o)
                              build/tm_stm32f4_pwm.o (__aeabi_ui2d)
/usr/bin/../lib/gcc/arm-none-eabi/9.2.1/thumb/v7e-m+fp/hard/libgcc.a(_arm_muldivdf3.o)
                              build/tm_stm32f4_pwm.o (__aeabi_ddiv)
/usr/bin/../lib/gcc/arm-none-eabi/9.2.1/thumb/v7e-m+fp/hard/libgcc.a(_arm_cmpdf2.o)
                              build/tm_stm32f4_pwm.o (__aeabi_dcmpeq)
/usr/bin/../lib/gcc/arm-none-eabi/9.2.1/thumb/v7e-m+fp/hard/libgcc.a(_arm_fixunsdfsi.o)
                              build/tm_stm32f4_pwm.o (__aeabi_d2uiz)
/usr/bin/../lib/gcc/arm-none-eabi/9.2.1/thumb/v7e-m+fp/hard/libgcc.a(_aeabi_uldivmod.o)
                              build/stm32f4xx_hal_rcc.o (__aeabi_uldivmod)
/usr/bin/../lib/gcc/arm-none-eabi/9.2.1/thumb/v7e-m+fp/hard/libgcc.a(_udivmoddi4.o)
                              /usr/bin/../lib/gcc/arm-none-eabi/9.2.1/thumb/v7e-m+fp/hard/libgcc.a(_aeabi_uldivmod.o) (__udivmoddi4)
/usr/bin/../lib/gcc/arm-none-eabi/9.2.1/thumb/v7e-m+fp/hard/libgcc.a(_dvmd_tls.o)
                              /usr/bin/../lib/gcc/arm-none-eabi/9.2.1/thumb/v7e-m+fp/hard/libgcc.a(_aeabi_uldivmod.o) (__aeabi_ldiv0)

Allocating common symbols
Common symbol       size              file

__lock___atexit_recursive_mutex
                    0x1               /usr/bin/../lib/gcc/arm-none-eabi/9.2.1/../../../../arm-none-eabi/lib/thumb/v7e-m+fp/hard/libc_nano.a(lib_a-lock.o)
[...]
Memory Configuration

Name             Origin             Length             Attributes
RAM              0x0000000020000000 0x0000000000020000 xrw
CCMRAM           0x0000000010000000 0x0000000000010000 xrw
FLASH            0x0000000008000000 0x0000000000100000 xr
*default*        0x0000000000000000 0xffffffffffffffff

Linker script and memory map

LOAD /usr/bin/../lib/gcc/arm-none-eabi/9.2.1/thumb/v7e-m+fp/hard/crti.o
LOAD /usr/bin/../lib/gcc/arm-none-eabi/9.2.1/thumb/v7e-m+fp/hard/crtbegin.o
LOAD /usr/bin/../lib/gcc/arm-none-eabi/9.2.1/../../../../arm-none-eabi/lib/thumb/v7e-m+fp/hard/crt0.o
LOAD build/tm_stm32f4_gpio.o
LOAD build/tm_stm32f4_pwm.o
LOAD build/tm_stm32f4_timer_properties.o
LOAD build/main.o
LOAD build/usb_host.o
LOAD build/usbh_conf.o
LOAD build/usbh_platform.o
LOAD build/stm32f4xx_it.o
LOAD build/stm32f4xx_hal_msp.o
LOAD build/stm32f4xx_hal_hcd.o
LOAD build/stm32f4xx_ll_usb.o
LOAD build/stm32f4xx_hal_rcc.o
LOAD build/stm32f4xx_hal_rcc_ex.o
LOAD build/stm32f4xx_hal_flash.o
LOAD build/stm32f4xx_hal_flash_ex.o
LOAD build/stm32f4xx_hal_flash_ramfunc.o
LOAD build/stm32f4xx_hal_gpio.o
LOAD build/stm32f4xx_hal_dma_ex.o
LOAD build/stm32f4xx_hal_dma.o
LOAD build/stm32f4xx_hal_pwr.o
LOAD build/stm32f4xx_hal_pwr_ex.o
LOAD build/stm32f4xx_hal_cortex.o
LOAD build/stm32f4xx_hal.o
LOAD build/stm32f4xx_hal_exti.o
LOAD build/stm32f4xx_hal_i2c.o
LOAD build/stm32f4xx_hal_i2c_ex.o
LOAD build/stm32f4xx_hal_i2s.o
LOAD build/stm32f4xx_hal_i2s_ex.o
LOAD build/stm32f4xx_hal_spi.o
LOAD build/stm32f4xx_hal_tim.o
LOAD build/stm32f4xx_hal_tim_ex.o
LOAD build/system_stm32f4xx.o
LOAD build/usbh_core.o
LOAD build/usbh_ctlreq.o
LOAD build/usbh_ioreq.o
LOAD build/usbh_pipes.o
LOAD build/usbh_cdc.o
LOAD build/startup_stm32f407xx.o
LOAD /usr/bin/../lib/gcc/arm-none-eabi/9.2.1/../../../../arm-none-eabi/lib/thumb/v7e-m+fp/hard/libc_nano.a
LOAD /usr/bin/../lib/gcc/arm-none-eabi/9.2.1/../../../../arm-none-eabi/lib/thumb/v7e-m+fp/hard/libm.a
LOAD /usr/bin/../lib/gcc/arm-none-eabi/9.2.1/../../../../arm-none-eabi/lib/thumb/v7e-m+fp/hard/libnosys.a
START GROUP
LOAD /usr/bin/../lib/gcc/arm-none-eabi/9.2.1/thumb/v7e-m+fp/hard/libgcc.a
LOAD /usr/bin/../lib/gcc/arm-none-eabi/9.2.1/../../../../arm-none-eabi/lib/thumb/v7e-m+fp/hard/libc_nano.a
END GROUP
START GROUP
LOAD /usr/bin/../lib/gcc/arm-none-eabi/9.2.1/thumb/v7e-m+fp/hard/libgcc.a
LOAD /usr/bin/../lib/gcc/arm-none-eabi/9.2.1/../../../../arm-none-eabi/lib/thumb/v7e-m+fp/hard/libc_nano.a
END GROUP
LOAD /usr/bin/../lib/gcc/arm-none-eabi/9.2.1/thumb/v7e-m+fp/hard/crtend.o
LOAD /usr/bin/../lib/gcc/arm-none-eabi/9.2.1/thumb/v7e-m+fp/hard/crtn.o
                0x0000000020020000                _estack = 0x20020000
                0x0000000000000200                _Min_Heap_Size = 0x200
                0x0000000000000400                _Min_Stack_Size = 0x400

.isr_vector     0x0000000008000000      0x188
                0x0000000008000000                . = ALIGN (0x4)
 *(.isr_vector)
 .isr_vector    0x0000000008000000      0x188 build/startup_stm32f407xx.o
                0x0000000008000000                g_pfnVectors
                0x0000000008000188                . = ALIGN (0x4)

.text           0x0000000008000188     0x271c
                0x0000000008000188                . = ALIGN (0x4)
 *(.text)
 .text          0x0000000008000188       0x40 /usr/bin/../lib/gcc/arm-none-eabi/9.2.1/thumb/v7e-m+fp/hard/crtbegin.o
 .text          0x00000000080001c8      0x378 /usr/bin/../lib/gcc/arm-none-eabi/9.2.1/thumb/v7e-m+fp/hard/libgcc.a(_arm_addsubdf3.o)
                0x00000000080001c8                __aeabi_drsub
                0x00000000080001d0                __aeabi_dsub
                0x00000000080001d0                __subdf3
                0x00000000080001d4                __adddf3
                0x00000000080001d4                __aeabi_dadd
                0x000000000800044c                __aeabi_ui2d
                0x000000000800044c                __floatunsidf
                0x000000000800046c                __floatsidf
                0x000000000800046c                __aeabi_i2d
                0x0000000008000490                __extendsfdf2
                0x0000000008000490                __aeabi_f2d
                0x00000000080004d4                __aeabi_ul2d
                0x00000000080004d4                __floatundidf
                0x00000000080004e4                __floatdidf
                0x00000000080004e4                __aeabi_l2d
 .text          0x0000000008000540      0x424 /usr/bin/../lib/gcc/arm-none-eabi/9.2.1/thumb/v7e-m+fp/hard/libgcc.a(_arm_muldivdf3.o)
                0x0000000008000540                __aeabi_dmul
                0x0000000008000540                __muldf3
                0x0000000008000794                __aeabi_ddiv
                0x0000000008000794                __divdf3
 .text          0x0000000008000964      0x110 /usr/bin/../lib/gcc/arm-none-eabi/9.2.1/thumb/v7e-m+fp/hard/libgcc.a(_arm_cmpdf2.o)
                0x0000000008000964                __gtdf2
                0x0000000008000964                __gedf2
                0x000000000800096c                __ltdf2
                0x000000000800096c                __ledf2
                0x0000000008000974                __cmpdf2
                0x0000000008000974                __eqdf2
                0x0000000008000974                __nedf2
                0x00000000080009f0                __aeabi_cdrcmple
                0x0000000008000a00                __aeabi_cdcmple
                0x0000000008000a00                __aeabi_cdcmpeq
                0x0000000008000a10                __aeabi_dcmpeq
                0x0000000008000a24                __aeabi_dcmplt
                0x0000000008000a38                __aeabi_dcmple
                0x0000000008000a4c                __aeabi_dcmpge
                0x0000000008000a60                __aeabi_dcmpgt
 .text          0x0000000008000a74       0x40 /usr/bin/../lib/gcc/arm-none-eabi/9.2.1/thumb/v7e-m+fp/hard/libgcc.a(_arm_fixunsdfsi.o)
                0x0000000008000a74                __fixunsdfsi
                0x0000000008000a74                __aeabi_d2uiz
 *(.text*)
 .text.TM_GPIO_GetPortSource
                0x0000000008000ab4        0xe build/tm_stm32f4_gpio.o
                0x0000000008000ab4                TM_GPIO_GetPortSource
 *fill*         0x0000000008000ac2        0x2 
 .text.TM_GPIO_INT_EnableClock
                0x0000000008000ac4       0x18 build/tm_stm32f4_gpio.o
                0x0000000008000ac4                TM_GPIO_INT_EnableClock
 .text.TM_GPIO_INT_Init
                0x0000000008000adc       0xa8 build/tm_stm32f4_gpio.o
                0x0000000008000adc                TM_GPIO_INT_Init
 .text.TM_GPIO_InitAlternate
                0x0000000008000b84       0x6c build/tm_stm32f4_gpio.o
                0x0000000008000b84                TM_GPIO_InitAlternate
 .text.TM_PWM_InitTimer
                0x0000000008000bf0       0xf8 build/tm_stm32f4_pwm.o
                0x0000000008000bf0                TM_PWM_InitTimer
 .text.TM_PWM_SetChannel
                0x0000000008000ce8       0xe6 build/tm_stm32f4_pwm.o
                0x0000000008000ce8                TM_PWM_SetChannel
 *fill*         0x0000000008000dce        0x2 
 .text.TM_PWM_SetChannelPercent
                0x0000000008000dd0       0x58 build/tm_stm32f4_pwm.o
                0x0000000008000dd0                TM_PWM_SetChannelPercent
 .text.TM_PWM_SetChannelMicros
                0x0000000008000e28       0x1e build/tm_stm32f4_pwm.o
                0x0000000008000e28                TM_PWM_SetChannelMicros
 *fill*         0x0000000008000e46        0x2 
 .text.TM_PWM_INT_InitTIM1Pins
                0x0000000008000e48      0x11c build/tm_stm32f4_pwm.o
                0x0000000008000e48                TM_PWM_INT_InitTIM1Pins
 .text.TM_PWM_INT_InitTIM2Pins
                0x0000000008000f64      0x12c build/tm_stm32f4_pwm.o
                0x0000000008000f64                TM_PWM_INT_InitTIM2Pins
 .text.TM_PWM_INT_InitTIM3Pins
                0x0000000008001090      0x14c build/tm_stm32f4_pwm.o
                0x0000000008001090                TM_PWM_INT_InitTIM3Pins
 .text.TM_PWM_INT_InitTIM4Pins
                0x00000000080011dc      0x118 build/tm_stm32f4_pwm.o
                0x00000000080011dc                TM_PWM_INT_InitTIM4Pins
 .text.TM_PWM_INT_InitTIM5Pins
                0x00000000080012f4      0x114 build/tm_stm32f4_pwm.o
                0x00000000080012f4                TM_PWM_INT_InitTIM5Pins
 .text.TM_PWM_INT_InitTIM8Pins
                0x0000000008001408      0x100 build/tm_stm32f4_pwm.o
                0x0000000008001408                TM_PWM_INT_InitTIM8Pins
 .text.TM_PWM_INT_InitTIM9Pins
                0x0000000008001508       0x88 build/tm_stm32f4_pwm.o
                0x0000000008001508                TM_PWM_INT_InitTIM9Pins
 .text.TM_PWM_INT_InitTIM10Pins
                0x0000000008001590       0x50 build/tm_stm32f4_pwm.o
                0x0000000008001590                TM_PWM_INT_InitTIM10Pins
 .text.TM_PWM_INT_InitTIM11Pins
                0x00000000080015e0       0x50 build/tm_stm32f4_pwm.o
                0x00000000080015e0                TM_PWM_INT_InitTIM11Pins
 .text.TM_PWM_INT_InitTIM12Pins
                0x0000000008001630       0x98 build/tm_stm32f4_pwm.o
                0x0000000008001630                TM_PWM_INT_InitTIM12Pins
 .text.TM_PWM_INT_InitTIM13Pins
                0x00000000080016c8       0x54 build/tm_stm32f4_pwm.o
                0x00000000080016c8                TM_PWM_INT_InitTIM13Pins
 .text.TM_PWM_INT_InitTIM14Pins
                0x000000000800171c       0x54 build/tm_stm32f4_pwm.o
                0x000000000800171c                TM_PWM_INT_InitTIM14Pins
 .text.TM_PWM_InitChannel
                0x0000000008001770       0xe0 build/tm_stm32f4_pwm.o
                0x0000000008001770                TM_PWM_InitChannel
 .text.TM_TIMER_PROPERTIES_GetTimerProperties
                0x0000000008001850       0xb8 build/tm_stm32f4_timer_properties.o
                0x0000000008001850                TM_TIMER_PROPERTIES_GetTimerProperties
 .text.TM_TIMER_PROPERTIES_GenerateDataForWorkingFrequency
                0x0000000008001908       0xa2 build/tm_stm32f4_timer_properties.o
                0x0000000008001908                TM_TIMER_PROPERTIES_GenerateDataForWorkingFrequency
 *fill*         0x00000000080019aa        0x2 
 .text.TM_TIMER_PROPERTIES_EnableClock
                0x00000000080019ac      0x138 build/tm_stm32f4_timer_properties.o
                0x00000000080019ac                TM_TIMER_PROPERTIES_EnableClock
 *fill*         0x0000000008001ae4        0x4 
 .text.main     0x0000000008001ae8       0xb8 build/main.o
                0x0000000008001ae8                main
 .text.HAL_HCD_SOF_Callback
                0x0000000008001ba0        0xc build/usbh_conf.o
                0x0000000008001ba0                HAL_HCD_SOF_Callback
 .text.HAL_HCD_Connect_Callback
                0x0000000008001bac        0xc build/usbh_conf.o
                0x0000000008001bac                HAL_HCD_Connect_Callback
 .text.HAL_HCD_Disconnect_Callback
                0x0000000008001bb8        0xc build/usbh_conf.o
                0x0000000008001bb8                HAL_HCD_Disconnect_Callback
 .text.HAL_HCD_HC_NotifyURBChange_Callback
                0x0000000008001bc4        0x2 build/usbh_conf.o
                0x0000000008001bc4                HAL_HCD_HC_NotifyURBChange_Callback
 .text.HAL_HCD_PortEnabled_Callback
                0x0000000008001bc6        0xc build/usbh_conf.o
                0x0000000008001bc6                HAL_HCD_PortEnabled_Callback
 .text.HAL_HCD_PortDisabled_Callback
                0x0000000008001bd2        0xc build/usbh_conf.o
                0x0000000008001bd2                HAL_HCD_PortDisabled_Callback
 .text.USBH_Get_USB_Status
                0x0000000008001bde       0x14 build/usbh_conf.o
                0x0000000008001bde                USBH_Get_USB_Status
 .text.USBH_LL_Start
                0x0000000008001bf2       0x10 build/usbh_conf.o
                0x0000000008001bf2                USBH_LL_Start
 .text.USBH_LL_Stop
                0x0000000008001c02       0x10 build/usbh_conf.o
                0x0000000008001c02                USBH_LL_Stop
 .text.NMI_Handler
                0x0000000008001c12        0x2 build/stm32f4xx_it.o
                0x0000000008001c12                NMI_Handler
 .text.HardFault_Handler
                0x0000000008001c14        0x2 build/stm32f4xx_it.o
                0x0000000008001c14                HardFault_Handler
 .text.MemManage_Handler
                0x0000000008001c16        0x2 build/stm32f4xx_it.o
                0x0000000008001c16                MemManage_Handler
 .text.BusFault_Handler
                0x0000000008001c18        0x2 build/stm32f4xx_it.o
                0x0000000008001c18                BusFault_Handler
 .text.UsageFault_Handler
                0x0000000008001c1a        0x2 build/stm32f4xx_it.o
                0x0000000008001c1a                UsageFault_Handler
 .text.SVC_Handler
                0x0000000008001c1c        0x2 build/stm32f4xx_it.o
                0x0000000008001c1c                SVC_Handler
 .text.DebugMon_Handler
                0x0000000008001c1e        0x2 build/stm32f4xx_it.o
                0x0000000008001c1e                DebugMon_Handler
 .text.PendSV_Handler
                0x0000000008001c20        0x2 build/stm32f4xx_it.o
                0x0000000008001c20                PendSV_Handler
 .text.SysTick_Handler
                0x0000000008001c22        0x8 build/stm32f4xx_it.o
                0x0000000008001c22                SysTick_Handler
 *fill*         0x0000000008001c2a        0x2 
 .text.OTG_FS_IRQHandler
                0x0000000008001c2c       0x10 build/stm32f4xx_it.o
                0x0000000008001c2c                OTG_FS_IRQHandler
 .text.HCD_RXQLVL_IRQHandler
                0x0000000008001c3c       0x84 build/stm32f4xx_hal_hcd.o
 .text.HCD_Port_IRQHandler
                0x0000000008001cc0       0xd4 build/stm32f4xx_hal_hcd.o
 .text.HCD_HC_IN_IRQHandler
                0x0000000008001d94      0x2b8 build/stm32f4xx_hal_hcd.o
 .text.HCD_HC_OUT_IRQHandler
                0x000000000800204c      0x2b0 build/stm32f4xx_hal_hcd.o
 .text.HAL_HCD_IRQHandler
                0x00000000080022fc      0x148 build/stm32f4xx_hal_hcd.o
                0x00000000080022fc                HAL_HCD_IRQHandler
 .text.HAL_HCD_Start
                0x0000000008002444       0x2c build/stm32f4xx_hal_hcd.o
                0x0000000008002444                HAL_HCD_Start
 .text.HAL_HCD_Stop
                0x0000000008002470       0x24 build/stm32f4xx_hal_hcd.o
                0x0000000008002470                HAL_HCD_Stop
 .text.USB_EnableGlobalInt
                0x0000000008002494        0xc build/stm32f4xx_ll_usb.o
                0x0000000008002494                USB_EnableGlobalInt
 .text.USB_DisableGlobalInt
                0x00000000080024a0        0xc build/stm32f4xx_ll_usb.o
                0x00000000080024a0                USB_DisableGlobalInt
 .text.USB_FlushTxFifo
                0x00000000080024ac       0x28 build/stm32f4xx_ll_usb.o
                0x00000000080024ac                USB_FlushTxFifo
 .text.USB_FlushRxFifo
                0x00000000080024d4       0x24 build/stm32f4xx_ll_usb.o
                0x00000000080024d4                USB_FlushRxFifo
 .text.USB_ReadPacket
                0x00000000080024f8       0x22 build/stm32f4xx_ll_usb.o
                0x00000000080024f8                USB_ReadPacket
 .text.USB_ReadInterrupts
                0x000000000800251a        0x8 build/stm32f4xx_ll_usb.o
                0x000000000800251a                USB_ReadInterrupts
 .text.USB_GetMode
                0x0000000008002522        0x8 build/stm32f4xx_ll_usb.o
                0x0000000008002522                USB_GetMode
 .text.USB_InitFSLSPClkSel
                0x000000000800252a       0x40 build/stm32f4xx_ll_usb.o
                0x000000000800252a                USB_InitFSLSPClkSel
 .text.USB_DriveVbus
                0x000000000800256a       0x46 build/stm32f4xx_ll_usb.o
                0x000000000800256a                USB_DriveVbus
 .text.USB_HC_ReadInterrupt
                0x00000000080025b0        0xa build/stm32f4xx_ll_usb.o
                0x00000000080025b0                USB_HC_ReadInterrupt
 .text.USB_HC_Halt
                0x00000000080025ba       0xd0 build/stm32f4xx_ll_usb.o
                0x00000000080025ba                USB_HC_Halt
 .text.USB_StopHost
                0x000000000800268a       0x7e build/stm32f4xx_ll_usb.o
                0x000000000800268a                USB_StopHost
 .text.HAL_IncTick
                0x0000000008002708       0x18 build/stm32f4xx_hal.o
                0x0000000008002708                HAL_IncTick
 .text.SystemInit
                0x0000000008002720       0x1c build/system_stm32f4xx.o
                0x0000000008002720                SystemInit
 .text.USBH_HandleSof
                0x000000000800273c       0x1a build/usbh_core.o
 .text.USBH_LL_IncTimer
                0x0000000008002756       0x12 build/usbh_core.o
                0x0000000008002756                USBH_LL_IncTimer
 .text.USBH_LL_PortEnabled
                0x0000000008002768        0x8 build/usbh_core.o
                0x0000000008002768                USBH_LL_PortEnabled
 .text.USBH_LL_PortDisabled
                0x0000000008002770        0x8 build/usbh_core.o
                0x0000000008002770                USBH_LL_PortDisabled
 .text.USBH_LL_Connect
                0x0000000008002778       0x28 build/usbh_core.o
                0x0000000008002778                USBH_LL_Connect
 .text.USBH_LL_Disconnect
                0x00000000080027a0       0x38 build/usbh_core.o
                0x00000000080027a0                USBH_LL_Disconnect
 .text.USBH_FreePipe
                0x00000000080027d8       0x16 build/usbh_pipes.o
                0x00000000080027d8                USBH_FreePipe
 *fill*         0x00000000080027ee        0x2 
 .text.Reset_Handler
                0x00000000080027f0       0x50 build/startup_stm32f407xx.o
                0x00000000080027f0                Reset_Handler
 .text.Default_Handler
                0x0000000008002840        0x2 build/startup_stm32f407xx.o
                0x0000000008002840                RTC_Alarm_IRQHandler
                0x0000000008002840                HASH_RNG_IRQHandler
                0x0000000008002840                EXTI2_IRQHandler
                0x0000000008002840                TIM8_CC_IRQHandler
                0x0000000008002840                TIM1_CC_IRQHandler
                0x0000000008002840                DMA2_Stream5_IRQHandler
                0x0000000008002840                DMA1_Stream5_IRQHandler
                0x0000000008002840                PVD_IRQHandler
                0x0000000008002840                SDIO_IRQHandler
                0x0000000008002840                TAMP_STAMP_IRQHandler
                0x0000000008002840                CAN2_RX1_IRQHandler
                0x0000000008002840                EXTI3_IRQHandler
                0x0000000008002840                TIM8_TRG_COM_TIM14_IRQHandler
                0x0000000008002840                TIM1_UP_TIM10_IRQHandler
                0x0000000008002840                TIM8_UP_TIM13_IRQHandler
                0x0000000008002840                I2C3_ER_IRQHandler
                0x0000000008002840                EXTI0_IRQHandler
                0x0000000008002840                I2C2_EV_IRQHandler
                0x0000000008002840                DMA1_Stream2_IRQHandler
                0x0000000008002840                CAN1_RX0_IRQHandler
                0x0000000008002840                FPU_IRQHandler
                0x0000000008002840                OTG_HS_WKUP_IRQHandler
                0x0000000008002840                CAN2_SCE_IRQHandler
                0x0000000008002840                DMA2_Stream2_IRQHandler
                0x0000000008002840                SPI1_IRQHandler
                0x0000000008002840                TIM6_DAC_IRQHandler
                0x0000000008002840                TIM1_BRK_TIM9_IRQHandler
                0x0000000008002840                DCMI_IRQHandler
                0x0000000008002840                CAN2_RX0_IRQHandler
                0x0000000008002840                DMA2_Stream3_IRQHandler
                0x0000000008002840                USART6_IRQHandler
                0x0000000008002840                USART3_IRQHandler
                0x0000000008002840                CAN1_RX1_IRQHandler
                0x0000000008002840                UART5_IRQHandler
                0x0000000008002840                DMA2_Stream0_IRQHandler
                0x0000000008002840                TIM4_IRQHandler
                0x0000000008002840                I2C1_EV_IRQHandler
                0x0000000008002840                DMA1_Stream6_IRQHandler
                0x0000000008002840                DMA1_Stream1_IRQHandler
                0x0000000008002840                UART4_IRQHandler
                0x0000000008002840                TIM3_IRQHandler
                0x0000000008002840                RCC_IRQHandler
                0x0000000008002840                TIM8_BRK_TIM12_IRQHandler
                0x0000000008002840                Default_Handler
                0x0000000008002840                EXTI15_10_IRQHandler
                0x0000000008002840                ADC_IRQHandler
                0x0000000008002840                DMA1_Stream7_IRQHandler
                0x0000000008002840                TIM7_IRQHandler
                0x0000000008002840                CAN2_TX_IRQHandler
                0x0000000008002840                TIM5_IRQHandler
                0x0000000008002840                DMA2_Stream7_IRQHandler
                0x0000000008002840                I2C3_EV_IRQHandler
                0x0000000008002840                EXTI9_5_IRQHandler
                0x0000000008002840                RTC_WKUP_IRQHandler
                0x0000000008002840                ETH_WKUP_IRQHandler
                0x0000000008002840                SPI2_IRQHandler
                0x0000000008002840                OTG_HS_EP1_IN_IRQHandler
                0x0000000008002840                DMA1_Stream0_IRQHandler
                0x0000000008002840                CAN1_TX_IRQHandler
                0x0000000008002840                EXTI4_IRQHandler
                0x0000000008002840                FSMC_IRQHandler
                0x0000000008002840                ETH_IRQHandler
                0x0000000008002840                OTG_HS_EP1_OUT_IRQHandler
                0x0000000008002840                WWDG_IRQHandler
                0x0000000008002840                TIM2_IRQHandler
                0x0000000008002840                OTG_FS_WKUP_IRQHandler
                0x0000000008002840                TIM1_TRG_COM_TIM11_IRQHandler
                0x0000000008002840                OTG_HS_IRQHandler
                0x0000000008002840                EXTI1_IRQHandler
                0x0000000008002840                USART2_IRQHandler
                0x0000000008002840                I2C2_ER_IRQHandler
                0x0000000008002840                DMA2_Stream1_IRQHandler
                0x0000000008002840                CAN1_SCE_IRQHandler
                0x0000000008002840                FLASH_IRQHandler
                0x0000000008002840                DMA2_Stream4_IRQHandler
                0x0000000008002840                USART1_IRQHandler
                0x0000000008002840                SPI3_IRQHandler
                0x0000000008002840                DMA1_Stream4_IRQHandler
                0x0000000008002840                I2C1_ER_IRQHandler
                0x0000000008002840                DMA2_Stream6_IRQHandler
                0x0000000008002840                DMA1_Stream3_IRQHandler
 *fill*         0x0000000008002842        0x2 
 .text.__libc_init_array
                0x0000000008002844       0x48 /usr/bin/../lib/gcc/arm-none-eabi/9.2.1/../../../../arm-none-eabi/lib/thumb/v7e-m+fp/hard/libc_nano.a(lib_a-init.o)
                0x0000000008002844                __libc_init_array
 *(.glue_7)
 .glue_7        0x000000000800288c        0x0 linker stubs
 *(.glue_7t)
 .glue_7t       0x000000000800288c        0x0 linker stubs
 *(.eh_frame)
 .eh_frame      0x000000000800288c        0x0 /usr/bin/../lib/gcc/arm-none-eabi/9.2.1/thumb/v7e-m+fp/hard/crtbegin.o
 *(.init)
 .init          0x000000000800288c        0x4 /usr/bin/../lib/gcc/arm-none-eabi/9.2.1/thumb/v7e-m+fp/hard/crti.o
                0x000000000800288c                _init
 .init          0x0000000008002890        0x8 /usr/bin/../lib/gcc/arm-none-eabi/9.2.1/thumb/v7e-m+fp/hard/crtn.o
 *(.fini)
 .fini          0x0000000008002898        0x4 /usr/bin/../lib/gcc/arm-none-eabi/9.2.1/thumb/v7e-m+fp/hard/crti.o
                0x0000000008002898                _fini
 .fini          0x000000000800289c        0x8 /usr/bin/../lib/gcc/arm-none-eabi/9.2.1/thumb/v7e-m+fp/hard/crtn.o
                0x00000000080028a4                . = ALIGN (0x4)
                0x00000000080028a4                _etext = .

.vfp11_veneer   0x00000000080028a4        0x0
 .vfp11_veneer  0x00000000080028a4        0x0 linker stubs

.v4_bx          0x00000000080028a4        0x0
 .v4_bx         0x00000000080028a4        0x0 linker stubs

.iplt           0x00000000080028a4        0x0
 .iplt          0x00000000080028a4        0x0 /usr/bin/../lib/gcc/arm-none-eabi/9.2.1/thumb/v7e-m+fp/hard/crtbegin.o

.rel.dyn        0x00000000080028a4        0x0
 .rel.iplt      0x00000000080028a4        0x0 /usr/bin/../lib/gcc/arm-none-eabi/9.2.1/thumb/v7e-m+fp/hard/crtbegin.o

.rodata         0x00000000080028a4        0x0
                0x00000000080028a4                . = ALIGN (0x4)
 *(.rodata)
 *(.rodata*)
                0x00000000080028a4                . = ALIGN (0x4)

.ARM.extab
 *(.ARM.extab* .gnu.linkonce.armextab.*)

.ARM            0x00000000080028a4        0x0
                0x00000000080028a4                __exidx_start = .
 *(.ARM.exidx*)
                0x00000000080028a4                __exidx_end = .

.preinit_array  0x00000000080028a4        0x0
                0x00000000080028a4                PROVIDE (__preinit_array_start = .)
 *(.preinit_array*)
                0x00000000080028a4                PROVIDE (__preinit_array_end = .)

.init_array     0x00000000080028a4        0x4
                0x00000000080028a4                PROVIDE (__init_array_start = .)
 *(SORT_BY_NAME(.init_array.*))
 *(.init_array*)
 .init_array    0x00000000080028a4        0x4 /usr/bin/../lib/gcc/arm-none-eabi/9.2.1/thumb/v7e-m+fp/hard/crtbegin.o
                0x00000000080028a8                PROVIDE (__init_array_end = .)

.fini_array     0x00000000080028a8        0x4
                [!provide]                        PROVIDE (__fini_array_start = .)
 *(SORT_BY_NAME(.fini_array.*))
 *(.fini_array*)
 .fini_array    0x00000000080028a8        0x4 /usr/bin/../lib/gcc/arm-none-eabi/9.2.1/thumb/v7e-m+fp/hard/crtbegin.o
                [!provide]                        PROVIDE (__fini_array_end = .)
                0x00000000080028ac                _sidata = LOADADDR (.data)

.data           0x0000000020000000        0x4 load address 0x00000000080028ac
                0x0000000020000000                . = ALIGN (0x4)
                0x0000000020000000                _sdata = .
 *(.data)
 *(.data*)
 .data.uwTickFreq
                0x0000000020000000        0x1 build/stm32f4xx_hal.o
                0x0000000020000000                uwTickFreq
                0x0000000020000004                . = ALIGN (0x4)
 *fill*         0x0000000020000001        0x3 
                0x0000000020000004                _edata = .
                0x00000000080028b0                _siccmram = LOADADDR (.ccmram)

.igot.plt       0x0000000020000004        0x0 load address 0x00000000080028b0
 .igot.plt      0x0000000020000004        0x0 /usr/bin/../lib/gcc/arm-none-eabi/9.2.1/thumb/v7e-m+fp/hard/crtbegin.o

.ccmram         0x0000000010000000        0x0 load address 0x00000000080028b0
                0x0000000010000000                . = ALIGN (0x4)
                0x0000000010000000                _sccmram = .
 *(.ccmram)
 *(.ccmram*)
                0x0000000010000000                . = ALIGN (0x4)
                0x0000000010000000                _eccmram = .
                0x0000000010000000                . = ALIGN (0x4)

.bss            0x0000000020000004      0x2fc
                0x0000000020000004                _sbss = .
                0x0000000020000004                __bss_start__ = _sbss
 *(.bss)
 .bss           0x0000000020000004       0x1c /usr/bin/../lib/gcc/arm-none-eabi/9.2.1/thumb/v7e-m+fp/hard/crtbegin.o
 *(.bss*)
 .bss.GPIO_UsedPins
                0x0000000020000020       0x16 build/tm_stm32f4_gpio.o
 *(COMMON)
 *fill*         0x0000000020000036        0x2 
 COMMON         0x0000000020000038      0x2c4 build/usbh_conf.o
                0x0000000020000038                hhcd_USB_OTG_FS
 COMMON         0x00000000200002fc        0x4 build/stm32f4xx_hal.o
                0x00000000200002fc                uwTick
                0x0000000020000300                . = ALIGN (0x4)
                0x0000000020000300                _ebss = .
                0x0000000020000300                __bss_end__ = _ebss

._user_heap_stack
                0x0000000020000300      0x600
                0x0000000020000300                . = ALIGN (0x8)
                0x0000000020000300                PROVIDE (end = .)
                [!provide]                        PROVIDE (_end = .)
                0x0000000020000500                . = (. + _Min_Heap_Size)
 *fill*         0x0000000020000300      0x200 
                0x0000000020000900                . = (. + _Min_Stack_Size)
 *fill*         0x0000000020000500      0x400 
                0x0000000020000900                . = ALIGN (0x8)

/DISCARD/
 libc.a(*)
 libm.a(*)
 libgcc.a(*)

.ARM.attributes
                0x0000000000000000       0x30
 *(.ARM.attributes)
 .ARM.attributes
                0x0000000000000000       0x1e /usr/bin/../lib/gcc/arm-none-eabi/9.2.1/thumb/v7e-m+fp/hard/crti.o
 .ARM.attributes
                0x000000000000001e       0x34 /usr/bin/../lib/gcc/arm-none-eabi/9.2.1/thumb/v7e-m+fp/hard/crtbegin.o
 .ARM.attributes
                0x0000000000000052       0x34 build/tm_stm32f4_gpio.o
 .ARM.attributes
                0x0000000000000086       0x34 build/tm_stm32f4_pwm.o
 .ARM.attributes
                0x00000000000000ba       0x34 build/tm_stm32f4_timer_properties.o
 .ARM.attributes
                0x00000000000000ee       0x34 build/main.o
 .ARM.attributes
                0x0000000000000122       0x34 build/usbh_conf.o
 .ARM.attributes
                0x0000000000000156       0x34 build/stm32f4xx_it.o
 .ARM.attributes
                0x000000000000018a       0x34 build/stm32f4xx_hal_hcd.o
 .ARM.attributes
                0x00000000000001be       0x34 build/stm32f4xx_ll_usb.o
 .ARM.attributes
                0x00000000000001f2       0x34 build/stm32f4xx_hal.o
 .ARM.attributes
                0x0000000000000226       0x34 build/system_stm32f4xx.o
 .ARM.attributes
                0x000000000000025a       0x34 build/usbh_core.o
 .ARM.attributes
                0x000000000000028e       0x34 build/usbh_pipes.o
 .ARM.attributes
                0x00000000000002c2       0x21 build/startup_stm32f407xx.o
 .ARM.attributes
                0x00000000000002e3       0x34 /usr/bin/../lib/gcc/arm-none-eabi/9.2.1/../../../../arm-none-eabi/lib/thumb/v7e-m+fp/hard/libc_nano.a(lib_a-init.o)
 .ARM.attributes
                0x0000000000000317       0x1e /usr/bin/../lib/gcc/arm-none-eabi/9.2.1/thumb/v7e-m+fp/hard/libgcc.a(_arm_addsubdf3.o)
 .ARM.attributes
                0x0000000000000335       0x1e /usr/bin/../lib/gcc/arm-none-eabi/9.2.1/thumb/v7e-m+fp/hard/libgcc.a(_arm_muldivdf3.o)
 .ARM.attributes
                0x0000000000000353       0x1e /usr/bin/../lib/gcc/arm-none-eabi/9.2.1/thumb/v7e-m+fp/hard/libgcc.a(_arm_cmpdf2.o)
 .ARM.attributes
                0x0000000000000371       0x1e /usr/bin/../lib/gcc/arm-none-eabi/9.2.1/thumb/v7e-m+fp/hard/libgcc.a(_arm_fixunsdfsi.o)
 .ARM.attributes
                0x000000000000038f       0x1e /usr/bin/../lib/gcc/arm-none-eabi/9.2.1/thumb/v7e-m+fp/hard/crtn.o
OUTPUT(build/PWM.elf elf32-littlearm)

.debug_info     0x0000000000000000     0xe8f1
 .debug_info    0x0000000000000000      0xba0 build/tm_stm32f4_gpio.o
 .debug_info    0x0000000000000ba0     0x1e05 build/tm_stm32f4_pwm.o
 .debug_info    0x00000000000029a5      0x72f build/tm_stm32f4_timer_properties.o
 .debug_info    0x00000000000030d4      0x5f1 build/main.o
 .debug_info    0x00000000000036c5     0x2b34 build/usbh_conf.o
 .debug_info    0x00000000000061f9      0x800 build/stm32f4xx_it.o
 .debug_info    0x00000000000069f9     0x15d0 build/stm32f4xx_hal_hcd.o
 .debug_info    0x0000000000007fc9     0x2141 build/stm32f4xx_ll_usb.o
 .debug_info    0x000000000000a10a      0xb5e build/stm32f4xx_hal.o
 .debug_info    0x000000000000ac68      0x63c build/system_stm32f4xx.o
 .debug_info    0x000000000000b2a4     0x1fc1 build/usbh_core.o
 .debug_info    0x000000000000d265     0x166a build/usbh_pipes.o
 .debug_info    0x000000000000e8cf       0x22 build/startup_stm32f407xx.o

.debug_abbrev   0x0000000000000000     0x1d90
 .debug_abbrev  0x0000000000000000      0x1f6 build/tm_stm32f4_gpio.o
 .debug_abbrev  0x00000000000001f6      0x21e build/tm_stm32f4_pwm.o
 .debug_abbrev  0x0000000000000414      0x1b0 build/tm_stm32f4_timer_properties.o
 .debug_abbrev  0x00000000000005c4      0x189 build/main.o
 .debug_abbrev  0x000000000000074d      0x3f4 build/usbh_conf.o
 .debug_abbrev  0x0000000000000b41      0x182 build/stm32f4xx_it.o
 .debug_abbrev  0x0000000000000cc3      0x2e5 build/stm32f4xx_hal_hcd.o
 .debug_abbrev  0x0000000000000fa8      0x335 build/stm32f4xx_ll_usb.o
 .debug_abbrev  0x00000000000012dd      0x21c build/stm32f4xx_hal.o
 .debug_abbrev  0x00000000000014f9      0x14a build/system_stm32f4xx.o
 .debug_abbrev  0x0000000000001643      0x421 build/usbh_core.o
 .debug_abbrev  0x0000000000001a64      0x31a build/usbh_pipes.o
 .debug_abbrev  0x0000000000001d7e       0x12 build/startup_stm32f407xx.o

.debug_loc      0x0000000000000000     0x8c65
 .debug_loc     0x0000000000000000      0x8d3 build/tm_stm32f4_gpio.o
 .debug_loc     0x00000000000008d3     0x2d60 build/tm_stm32f4_pwm.o
 .debug_loc     0x0000000000003633      0x15c build/tm_stm32f4_timer_properties.o
 .debug_loc     0x000000000000378f       0x2d build/main.o
 .debug_loc     0x00000000000037bc      0xba7 build/usbh_conf.o
 .debug_loc     0x0000000000004363       0x40 build/stm32f4xx_it.o
 .debug_loc     0x00000000000043a3     0x11db build/stm32f4xx_hal_hcd.o
 .debug_loc     0x000000000000557e     0x27b4 build/stm32f4xx_ll_usb.o
 .debug_loc     0x0000000000007d32      0x1e1 build/stm32f4xx_hal.o
 .debug_loc     0x0000000000007f13      0x16c build/system_stm32f4xx.o
 .debug_loc     0x000000000000807f      0x978 build/usbh_core.o
 .debug_loc     0x00000000000089f7      0x26e build/usbh_pipes.o

.debug_aranges  0x0000000000000000      0x798
 .debug_aranges
                0x0000000000000000       0x98 build/tm_stm32f4_gpio.o
 .debug_aranges
                0x0000000000000098       0xa0 build/tm_stm32f4_pwm.o
 .debug_aranges
                0x0000000000000138       0x38 build/tm_stm32f4_timer_properties.o
 .debug_aranges
                0x0000000000000170       0x20 build/main.o
 .debug_aranges
                0x0000000000000190       0xd8 build/usbh_conf.o
 .debug_aranges
                0x0000000000000268       0x68 build/stm32f4xx_it.o
 .debug_aranges
                0x00000000000002d0       0xf0 build/stm32f4xx_hal_hcd.o
 .debug_aranges
                0x00000000000003c0      0x198 build/stm32f4xx_ll_usb.o
 .debug_aranges
                0x0000000000000558       0xf0 build/stm32f4xx_hal.o
 .debug_aranges
                0x0000000000000648       0x28 build/system_stm32f4xx.o
 .debug_aranges
                0x0000000000000670       0xc0 build/usbh_core.o
 .debug_aranges
                0x0000000000000730       0x40 build/usbh_pipes.o
 .debug_aranges
                0x0000000000000770       0x28 build/startup_stm32f407xx.o

.debug_ranges   0x0000000000000000      0x6d0
 .debug_ranges  0x0000000000000000       0x88 build/tm_stm32f4_gpio.o
 .debug_ranges  0x0000000000000088       0x90 build/tm_stm32f4_pwm.o
 .debug_ranges  0x0000000000000118       0x28 build/tm_stm32f4_timer_properties.o
 .debug_ranges  0x0000000000000140       0x10 build/main.o
 .debug_ranges  0x0000000000000150       0xc8 build/usbh_conf.o
 .debug_ranges  0x0000000000000218       0x58 build/stm32f4xx_it.o
 .debug_ranges  0x0000000000000270       0xe0 build/stm32f4xx_hal_hcd.o
 .debug_ranges  0x0000000000000350      0x188 build/stm32f4xx_ll_usb.o
 .debug_ranges  0x00000000000004d8       0xe0 build/stm32f4xx_hal.o
 .debug_ranges  0x00000000000005b8       0x18 build/system_stm32f4xx.o
 .debug_ranges  0x00000000000005d0       0xb0 build/usbh_core.o
 .debug_ranges  0x0000000000000680       0x30 build/usbh_pipes.o
 .debug_ranges  0x00000000000006b0       0x20 build/startup_stm32f407xx.o

.debug_line     0x0000000000000000     0x638c
 .debug_line    0x0000000000000000      0x70e build/tm_stm32f4_gpio.o
 .debug_line    0x000000000000070e      0xc59 build/tm_stm32f4_pwm.o
 .debug_line    0x0000000000001367      0x56b build/tm_stm32f4_timer_properties.o
 .debug_line    0x00000000000018d2      0x17b build/main.o
 .debug_line    0x0000000000001a4d      0x753 build/usbh_conf.o
 .debug_line    0x00000000000021a0      0x295 build/stm32f4xx_it.o
 .debug_line    0x0000000000002435      0xf38 build/stm32f4xx_hal_hcd.o
 .debug_line    0x000000000000336d     0x1aac build/stm32f4xx_ll_usb.o
 .debug_line    0x0000000000004e19      0x509 build/stm32f4xx_hal.o
 .debug_line    0x0000000000005322      0x22d build/system_stm32f4xx.o
 .debug_line    0x000000000000554f      0xa9e build/usbh_core.o
 .debug_line    0x0000000000005fed      0x32b build/usbh_pipes.o
 .debug_line    0x0000000000006318       0x74 build/startup_stm32f407xx.o

.debug_str      0x0000000000000000     0x360a
 .debug_str     0x0000000000000000      0x641 build/tm_stm32f4_gpio.o
                                        0x6a6 (size before relaxing)
 .debug_str     0x0000000000000641      0x644 build/tm_stm32f4_pwm.o
                                        0xa01 (size before relaxing)
 .debug_str     0x0000000000000c85      0x19e build/tm_stm32f4_timer_properties.o
                                        0x646 (size before relaxing)
 .debug_str     0x0000000000000e23       0x2f build/main.o
                                        0x422 (size before relaxing)
 .debug_str     0x0000000000000e52     0x190e build/usbh_conf.o
                                       0x1dcf (size before relaxing)
 .debug_str     0x0000000000002760       0xd4 build/stm32f4xx_it.o
                                        0x768 (size before relaxing)
 .debug_str     0x0000000000002834      0x2e2 build/stm32f4xx_hal_hcd.o
                                        0xbb9 (size before relaxing)
 .debug_str     0x0000000000002b16      0x50e build/stm32f4xx_ll_usb.o
                                        0xd19 (size before relaxing)
 .debug_str     0x0000000000003024      0x2c7 build/stm32f4xx_hal.o
                                        0xbb8 (size before relaxing)
 .debug_str     0x00000000000032eb       0x9c build/system_stm32f4xx.o
                                        0x421 (size before relaxing)
 .debug_str     0x0000000000003387      0x1fb build/usbh_core.o
                                       0x1179 (size before relaxing)
 .debug_str     0x0000000000003582       0x64 build/usbh_pipes.o
                                        0xf22 (size before relaxing)
 .debug_str     0x00000000000035e6       0x24 build/startup_stm32f407xx.o
                                         0x59 (size before relaxing)

.comment        0x0000000000000000       0x79
 .comment       0x0000000000000000       0x79 build/tm_stm32f4_gpio.o
                                         0x7a (size before relaxing)
 .comment       0x0000000000000079       0x7a build/tm_stm32f4_pwm.o
 .comment       0x0000000000000079       0x7a build/tm_stm32f4_timer_properties.o
 .comment       0x0000000000000079       0x7a build/main.o
 .comment       0x0000000000000079       0x7a build/usbh_conf.o
 .comment       0x0000000000000079       0x7a build/stm32f4xx_it.o
 .comment       0x0000000000000079       0x7a build/stm32f4xx_hal_hcd.o
 .comment       0x0000000000000079       0x7a build/stm32f4xx_ll_usb.o
 .comment       0x0000000000000079       0x7a build/stm32f4xx_hal.o
 .comment       0x0000000000000079       0x7a build/system_stm32f4xx.o
 .comment       0x0000000000000079       0x7a build/usbh_core.o
 .comment       0x0000000000000079       0x7a build/usbh_pipes.o

.debug_frame    0x0000000000000000     0x1880
 .debug_frame   0x0000000000000000      0x264 build/tm_stm32f4_gpio.o
 .debug_frame   0x0000000000000264      0x2f0 build/tm_stm32f4_pwm.o
 .debug_frame   0x0000000000000554       0x80 build/tm_stm32f4_timer_properties.o
 .debug_frame   0x00000000000005d4       0x2c build/main.o
 .debug_frame   0x0000000000000600      0x298 build/usbh_conf.o
 .debug_frame   0x0000000000000898       0xc8 build/stm32f4xx_it.o
 .debug_frame   0x0000000000000960      0x2fc build/stm32f4xx_hal_hcd.o
 .debug_frame   0x0000000000000c5c      0x518 build/stm32f4xx_ll_usb.o
 .debug_frame   0x0000000000001174      0x200 build/stm32f4xx_hal.o
 .debug_frame   0x0000000000001374       0x30 build/system_stm32f4xx.o
 .debug_frame   0x00000000000013a4      0x240 build/usbh_core.o
 .debug_frame   0x00000000000015e4       0x8c build/usbh_pipes.o
 .debug_frame   0x0000000000001670       0x2c /usr/bin/../lib/gcc/arm-none-eabi/9.2.1/../../../../arm-none-eabi/lib/thumb/v7e-m+fp/hard/libc_nano.a(lib_a-init.o)
 .debug_frame   0x000000000000169c       0xac /usr/bin/../lib/gcc/arm-none-eabi/9.2.1/thumb/v7e-m+fp/hard/libgcc.a(_arm_addsubdf3.o)
 .debug_frame   0x0000000000001748       0x50 /usr/bin/../lib/gcc/arm-none-eabi/9.2.1/thumb/v7e-m+fp/hard/libgcc.a(_arm_muldivdf3.o)
 .debug_frame   0x0000000000001798       0xc4 /usr/bin/../lib/gcc/arm-none-eabi/9.2.1/thumb/v7e-m+fp/hard/libgcc.a(_arm_cmpdf2.o)
 .debug_frame   0x000000000000185c       0x24 /usr/bin/../lib/gcc/arm-none-eabi/9.2.1/thumb/v7e-m+fp/hard/libgcc.a(_arm_fixunsdfsi.o)

Cross Reference Table

Symbol                                            File
ADC_IRQHandler                                    build/startup_stm32f407xx.o
AHBPrescTable                                     build/system_stm32f4xx.o
                                                  build/stm32f4xx_hal_rcc.o
APBPrescTable                                     build/system_stm32f4xx.o
                                                  build/stm32f4xx_hal_rcc.o
Appli_state                                       build/usb_host.o
BusFault_Handler                                  build/stm32f4xx_it.o
CAN1_RX0_IRQHandler                               build/startup_stm32f407xx.o
CAN1_RX1_IRQHandler                               build/startup_stm32f407xx.o
CAN1_SCE_IRQHandler                               build/startup_stm32f407xx.o
CAN1_TX_IRQHandler                                build/startup_stm32f407xx.o
CAN2_RX0_IRQHandler                               build/startup_stm32f407xx.o
CAN2_RX1_IRQHandler                               build/startup_stm32f407xx.o
CAN2_SCE_IRQHandler                               build/startup_stm32f407xx.o
CAN2_TX_IRQHandler                                build/startup_stm32f407xx.o
CDC_Class                                         build/usbh_cdc.o
                                                  build/usb_host.o
DCMI_IRQHandler                                   build/startup_stm32f407xx.o
DMA1_Stream0_IRQHandler                           build/startup_stm32f407xx.o
DMA1_Stream1_IRQHandler                           build/startup_stm32f407xx.o
DMA1_Stream2_IRQHandler                           build/startup_stm32f407xx.o
DMA1_Stream3_IRQHandler                           build/startup_stm32f407xx.o
DMA1_Stream4_IRQHandler                           build/startup_stm32f407xx.o
DMA1_Stream5_IRQHandler                           build/startup_stm32f407xx.o
DMA1_Stream6_IRQHandler                           build/startup_stm32f407xx.o
DMA1_Stream7_IRQHandler                           build/startup_stm32f407xx.o
DMA2_Stream0_IRQHandler                           build/startup_stm32f407xx.o
DMA2_Stream1_IRQHandler                           build/startup_stm32f407xx.o
DMA2_Stream2_IRQHandler                           build/startup_stm32f407xx.o
DMA2_Stream3_IRQHandler                           build/startup_stm32f407xx.o
DMA2_Stream4_IRQHandler                           build/startup_stm32f407xx.o
DMA2_Stream5_IRQHandler                           build/startup_stm32f407xx.o
DMA2_Stream6_IRQHandler                           build/startup_stm32f407xx.o
DMA2_Stream7_IRQHandler                           build/startup_stm32f407xx.o
DebugMon_Handler                                  build/stm32f4xx_it.o
Default_Handler                                   build/startup_stm32f407xx.o
ETH_IRQHandler                                    build/startup_stm32f407xx.o
ETH_WKUP_IRQHandler                               build/startup_stm32f407xx.o
EXTI0_IRQHandler                                  build/startup_stm32f407xx.o
EXTI15_10_IRQHandler                              build/startup_stm32f407xx.o
EXTI1_IRQHandler                                  build/startup_stm32f407xx.o
EXTI2_IRQHandler                                  build/startup_stm32f407xx.o
EXTI3_IRQHandler                                  build/startup_stm32f407xx.o
EXTI4_IRQHandler                                  build/startup_stm32f407xx.o
EXTI9_5_IRQHandler                                build/startup_stm32f407xx.o
Error_Handler                                     build/usbh_conf.o
                                                  build/usb_host.o
FLASH_Erase_Sector                                build/stm32f4xx_hal_flash_ex.o
                                                  build/stm32f4xx_hal_flash.o
FLASH_FlushCaches                                 build/stm32f4xx_hal_flash_ex.o
                                                  build/stm32f4xx_hal_flash.o
FLASH_IRQHandler                                  build/startup_stm32f407xx.o
FLASH_WaitForLastOperation                        build/stm32f4xx_hal_flash.o
                                                  build/stm32f4xx_hal_flash_ex.o
FPU_IRQHandler                                    build/startup_stm32f407xx.o
FSMC_IRQHandler                                   build/startup_stm32f407xx.o
HAL_DBGMCU_DisableDBGSleepMode                    build/stm32f4xx_hal.o
HAL_DBGMCU_DisableDBGStandbyMode                  build/stm32f4xx_hal.o
HAL_DBGMCU_DisableDBGStopMode                     build/stm32f4xx_hal.o
HAL_DBGMCU_EnableDBGSleepMode                     build/stm32f4xx_hal.o
HAL_DBGMCU_EnableDBGStandbyMode                   build/stm32f4xx_hal.o
HAL_DBGMCU_EnableDBGStopMode                      build/stm32f4xx_hal.o
HAL_DMAEx_ChangeMemory                            build/stm32f4xx_hal_dma_ex.o
HAL_DMAEx_MultiBufferStart                        build/stm32f4xx_hal_dma_ex.o
HAL_DMAEx_MultiBufferStart_IT                     build/stm32f4xx_hal_dma_ex.o
HAL_DMA_Abort                                     build/stm32f4xx_hal_dma.o
                                                  build/stm32f4xx_hal_spi.o
                                                  build/stm32f4xx_hal_i2s.o
HAL_DMA_Abort_IT                                  build/stm32f4xx_hal_dma.o
                                                  build/stm32f4xx_hal_tim_ex.o
                                                  build/stm32f4xx_hal_tim.o
                                                  build/stm32f4xx_hal_spi.o
                                                  build/stm32f4xx_hal_i2c.o
HAL_DMA_DeInit                                    build/stm32f4xx_hal_dma.o
HAL_DMA_GetError                                  build/stm32f4xx_hal_dma.o
                                                  build/stm32f4xx_hal_i2c.o
HAL_DMA_GetState                                  build/stm32f4xx_hal_dma.o
                                                  build/stm32f4xx_hal_i2c.o
HAL_DMA_IRQHandler                                build/stm32f4xx_hal_dma.o
HAL_DMA_Init                                      build/stm32f4xx_hal_dma.o
HAL_DMA_PollForTransfer                           build/stm32f4xx_hal_dma.o
HAL_DMA_RegisterCallback                          build/stm32f4xx_hal_dma.o
HAL_DMA_Start                                     build/stm32f4xx_hal_dma.o
HAL_DMA_Start_IT                                  build/stm32f4xx_hal_dma.o
                                                  build/stm32f4xx_hal_tim_ex.o
                                                  build/stm32f4xx_hal_tim.o
                                                  build/stm32f4xx_hal_spi.o
                                                  build/stm32f4xx_hal_i2s_ex.o
                                                  build/stm32f4xx_hal_i2s.o
                                                  build/stm32f4xx_hal_i2c.o
HAL_DMA_UnRegisterCallback                        build/stm32f4xx_hal_dma.o
HAL_DeInit                                        build/stm32f4xx_hal.o
HAL_Delay                                         build/stm32f4xx_hal.o
                                                  build/stm32f4xx_ll_usb.o
                                                  build/usbh_conf.o
HAL_DisableCompensationCell                       build/stm32f4xx_hal.o
HAL_EXTI_ClearConfigLine                          build/stm32f4xx_hal_exti.o
HAL_EXTI_ClearPending                             build/stm32f4xx_hal_exti.o
HAL_EXTI_GenerateSWI                              build/stm32f4xx_hal_exti.o
HAL_EXTI_GetConfigLine                            build/stm32f4xx_hal_exti.o
HAL_EXTI_GetHandle                                build/stm32f4xx_hal_exti.o
HAL_EXTI_GetPending                               build/stm32f4xx_hal_exti.o
HAL_EXTI_IRQHandler                               build/stm32f4xx_hal_exti.o
HAL_EXTI_RegisterCallback                         build/stm32f4xx_hal_exti.o
HAL_EXTI_SetConfigLine                            build/stm32f4xx_hal_exti.o
HAL_EnableCompensationCell                        build/stm32f4xx_hal.o
HAL_FLASHEx_Erase                                 build/stm32f4xx_hal_flash_ex.o
HAL_FLASHEx_Erase_IT                              build/stm32f4xx_hal_flash_ex.o
HAL_FLASHEx_OBGetConfig                           build/stm32f4xx_hal_flash_ex.o
HAL_FLASHEx_OBProgram                             build/stm32f4xx_hal_flash_ex.o
HAL_FLASH_EndOfOperationCallback                  build/stm32f4xx_hal_flash.o
HAL_FLASH_GetError                                build/stm32f4xx_hal_flash.o
HAL_FLASH_IRQHandler                              build/stm32f4xx_hal_flash.o
HAL_FLASH_Lock                                    build/stm32f4xx_hal_flash.o
HAL_FLASH_OB_Launch                               build/stm32f4xx_hal_flash.o
HAL_FLASH_OB_Lock                                 build/stm32f4xx_hal_flash.o
HAL_FLASH_OB_Unlock                               build/stm32f4xx_hal_flash.o
HAL_FLASH_OperationErrorCallback                  build/stm32f4xx_hal_flash.o
HAL_FLASH_Program                                 build/stm32f4xx_hal_flash.o
HAL_FLASH_Program_IT                              build/stm32f4xx_hal_flash.o
HAL_FLASH_Unlock                                  build/stm32f4xx_hal_flash.o
HAL_GPIO_DeInit                                   build/stm32f4xx_hal_gpio.o
                                                  build/stm32f4xx_hal_msp.o
                                                  build/usbh_conf.o
HAL_GPIO_EXTI_Callback                            build/stm32f4xx_hal_gpio.o
HAL_GPIO_EXTI_IRQHandler                          build/stm32f4xx_hal_gpio.o
HAL_GPIO_Init                                     build/stm32f4xx_hal_gpio.o
                                                  build/stm32f4xx_hal_rcc.o
                                                  build/stm32f4xx_hal_msp.o
                                                  build/usbh_conf.o
HAL_GPIO_LockPin                                  build/stm32f4xx_hal_gpio.o
HAL_GPIO_ReadPin                                  build/stm32f4xx_hal_gpio.o
HAL_GPIO_TogglePin                                build/stm32f4xx_hal_gpio.o
HAL_GPIO_WritePin                                 build/stm32f4xx_hal_gpio.o
                                                  build/usbh_platform.o
HAL_GetDEVID                                      build/stm32f4xx_hal.o
HAL_GetHalVersion                                 build/stm32f4xx_hal.o
HAL_GetREVID                                      build/stm32f4xx_hal.o
HAL_GetTick                                       build/stm32f4xx_hal.o
                                                  build/stm32f4xx_hal_spi.o
                                                  build/stm32f4xx_hal_i2s_ex.o
                                                  build/stm32f4xx_hal_i2s.o
                                                  build/stm32f4xx_hal_i2c.o
                                                  build/stm32f4xx_hal_pwr_ex.o
                                                  build/stm32f4xx_hal_dma.o
                                                  build/stm32f4xx_hal_flash.o
                                                  build/stm32f4xx_hal_rcc_ex.o
                                                  build/stm32f4xx_hal_rcc.o
HAL_GetTickFreq                                   build/stm32f4xx_hal.o
HAL_GetTickPrio                                   build/stm32f4xx_hal.o
HAL_GetUIDw0                                      build/stm32f4xx_hal.o
HAL_GetUIDw1                                      build/stm32f4xx_hal.o
HAL_GetUIDw2                                      build/stm32f4xx_hal.o
HAL_HCD_Connect_Callback                          build/usbh_conf.o
HAL_HCD_DeInit                                    build/stm32f4xx_hal_hcd.o
                                                  build/usbh_conf.o
HAL_HCD_Disconnect_Callback                       build/usbh_conf.o
HAL_HCD_GetCurrentFrame                           build/stm32f4xx_hal_hcd.o
                                                  build/usbh_conf.o
HAL_HCD_GetCurrentSpeed                           build/stm32f4xx_hal_hcd.o
                                                  build/usbh_conf.o
HAL_HCD_GetState                                  build/stm32f4xx_hal_hcd.o
HAL_HCD_HC_GetState                               build/stm32f4xx_hal_hcd.o
HAL_HCD_HC_GetURBState                            build/stm32f4xx_hal_hcd.o
                                                  build/usbh_conf.o
HAL_HCD_HC_GetXferCount                           build/stm32f4xx_hal_hcd.o
                                                  build/usbh_conf.o
HAL_HCD_HC_Halt                                   build/stm32f4xx_hal_hcd.o
                                                  build/usbh_conf.o
HAL_HCD_HC_Init                                   build/stm32f4xx_hal_hcd.o
                                                  build/usbh_conf.o
HAL_HCD_HC_NotifyURBChange_Callback               build/usbh_conf.o
HAL_HCD_HC_SubmitRequest                          build/stm32f4xx_hal_hcd.o
                                                  build/usbh_conf.o
HAL_HCD_IRQHandler                                build/stm32f4xx_hal_hcd.o
                                                  build/stm32f4xx_it.o
HAL_HCD_Init                                      build/stm32f4xx_hal_hcd.o
                                                  build/usbh_conf.o
HAL_HCD_MspDeInit                                 build/usbh_conf.o
HAL_HCD_MspInit                                   build/usbh_conf.o
HAL_HCD_PortDisabled_Callback                     build/usbh_conf.o
HAL_HCD_PortEnabled_Callback                      build/usbh_conf.o
HAL_HCD_ResetPort                                 build/stm32f4xx_hal_hcd.o
                                                  build/usbh_conf.o
HAL_HCD_SOF_Callback                              build/usbh_conf.o
HAL_HCD_Start                                     build/stm32f4xx_hal_hcd.o
                                                  build/usbh_conf.o
HAL_HCD_Stop                                      build/stm32f4xx_hal_hcd.o
                                                  build/usbh_conf.o
HAL_I2C_AbortCpltCallback                         build/stm32f4xx_hal_i2c.o
HAL_I2C_AddrCallback                              build/stm32f4xx_hal_i2c.o
HAL_I2C_DeInit                                    build/stm32f4xx_hal_i2c.o
HAL_I2C_DisableListen_IT                          build/stm32f4xx_hal_i2c.o
HAL_I2C_ER_IRQHandler                             build/stm32f4xx_hal_i2c.o
HAL_I2C_EV_IRQHandler                             build/stm32f4xx_hal_i2c.o
HAL_I2C_EnableListen_IT                           build/stm32f4xx_hal_i2c.o
HAL_I2C_ErrorCallback                             build/stm32f4xx_hal_i2c.o
HAL_I2C_GetError                                  build/stm32f4xx_hal_i2c.o
HAL_I2C_GetMode                                   build/stm32f4xx_hal_i2c.o
HAL_I2C_GetState                                  build/stm32f4xx_hal_i2c.o
HAL_I2C_Init                                      build/stm32f4xx_hal_i2c.o
HAL_I2C_IsDeviceReady                             build/stm32f4xx_hal_i2c.o
HAL_I2C_ListenCpltCallback                        build/stm32f4xx_hal_i2c.o
HAL_I2C_MasterRxCpltCallback                      build/stm32f4xx_hal_i2c.o
HAL_I2C_MasterTxCpltCallback                      build/stm32f4xx_hal_i2c.o
HAL_I2C_Master_Abort_IT                           build/stm32f4xx_hal_i2c.o
HAL_I2C_Master_Receive                            build/stm32f4xx_hal_i2c.o
HAL_I2C_Master_Receive_DMA                        build/stm32f4xx_hal_i2c.o
HAL_I2C_Master_Receive_IT                         build/stm32f4xx_hal_i2c.o
HAL_I2C_Master_Seq_Receive_DMA                    build/stm32f4xx_hal_i2c.o
HAL_I2C_Master_Seq_Receive_IT                     build/stm32f4xx_hal_i2c.o
HAL_I2C_Master_Seq_Transmit_DMA                   build/stm32f4xx_hal_i2c.o
HAL_I2C_Master_Seq_Transmit_IT                    build/stm32f4xx_hal_i2c.o
HAL_I2C_Master_Transmit                           build/stm32f4xx_hal_i2c.o
HAL_I2C_Master_Transmit_DMA                       build/stm32f4xx_hal_i2c.o
HAL_I2C_Master_Transmit_IT                        build/stm32f4xx_hal_i2c.o
HAL_I2C_MemRxCpltCallback                         build/stm32f4xx_hal_i2c.o
HAL_I2C_MemTxCpltCallback                         build/stm32f4xx_hal_i2c.o
HAL_I2C_Mem_Read                                  build/stm32f4xx_hal_i2c.o
HAL_I2C_Mem_Read_DMA                              build/stm32f4xx_hal_i2c.o
HAL_I2C_Mem_Read_IT                               build/stm32f4xx_hal_i2c.o
HAL_I2C_Mem_Write                                 build/stm32f4xx_hal_i2c.o
HAL_I2C_Mem_Write_DMA                             build/stm32f4xx_hal_i2c.o
HAL_I2C_Mem_Write_IT                              build/stm32f4xx_hal_i2c.o
HAL_I2C_MspDeInit                                 build/stm32f4xx_hal_msp.o
HAL_I2C_MspInit                                   build/stm32f4xx_hal_msp.o
HAL_I2C_SlaveRxCpltCallback                       build/stm32f4xx_hal_i2c.o
HAL_I2C_SlaveTxCpltCallback                       build/stm32f4xx_hal_i2c.o
HAL_I2C_Slave_Receive                             build/stm32f4xx_hal_i2c.o
HAL_I2C_Slave_Receive_DMA                         build/stm32f4xx_hal_i2c.o
HAL_I2C_Slave_Receive_IT                          build/stm32f4xx_hal_i2c.o
HAL_I2C_Slave_Seq_Receive_DMA                     build/stm32f4xx_hal_i2c.o
HAL_I2C_Slave_Seq_Receive_IT                      build/stm32f4xx_hal_i2c.o
HAL_I2C_Slave_Seq_Transmit_DMA                    build/stm32f4xx_hal_i2c.o
HAL_I2C_Slave_Seq_Transmit_IT                     build/stm32f4xx_hal_i2c.o
HAL_I2C_Slave_Transmit                            build/stm32f4xx_hal_i2c.o
HAL_I2C_Slave_Transmit_DMA                        build/stm32f4xx_hal_i2c.o
HAL_I2C_Slave_Transmit_IT                         build/stm32f4xx_hal_i2c.o
HAL_I2SEx_FullDuplex_IRQHandler                   build/stm32f4xx_hal_i2s_ex.o
                                                  build/stm32f4xx_hal_i2s.o
HAL_I2SEx_TransmitReceive                         build/stm32f4xx_hal_i2s_ex.o
HAL_I2SEx_TransmitReceive_DMA                     build/stm32f4xx_hal_i2s_ex.o
HAL_I2SEx_TransmitReceive_IT                      build/stm32f4xx_hal_i2s_ex.o
HAL_I2SEx_TxRxCpltCallback                        build/stm32f4xx_hal_i2s_ex.o
HAL_I2SEx_TxRxHalfCpltCallback                    build/stm32f4xx_hal_i2s_ex.o
HAL_I2S_DMAPause                                  build/stm32f4xx_hal_i2s.o
HAL_I2S_DMAResume                                 build/stm32f4xx_hal_i2s.o
HAL_I2S_DMAStop                                   build/stm32f4xx_hal_i2s.o
HAL_I2S_DeInit                                    build/stm32f4xx_hal_i2s.o
HAL_I2S_ErrorCallback                             build/stm32f4xx_hal_i2s.o
                                                  build/stm32f4xx_hal_i2s_ex.o
HAL_I2S_GetError                                  build/stm32f4xx_hal_i2s.o
HAL_I2S_GetState                                  build/stm32f4xx_hal_i2s.o
HAL_I2S_IRQHandler                                build/stm32f4xx_hal_i2s.o
HAL_I2S_Init                                      build/stm32f4xx_hal_i2s.o
HAL_I2S_MspDeInit                                 build/stm32f4xx_hal_msp.o
HAL_I2S_MspInit                                   build/stm32f4xx_hal_msp.o
HAL_I2S_Receive                                   build/stm32f4xx_hal_i2s.o
HAL_I2S_Receive_DMA                               build/stm32f4xx_hal_i2s.o
HAL_I2S_Receive_IT                                build/stm32f4xx_hal_i2s.o
HAL_I2S_RxCpltCallback                            build/stm32f4xx_hal_i2s.o
HAL_I2S_RxHalfCpltCallback                        build/stm32f4xx_hal_i2s.o
HAL_I2S_Transmit                                  build/stm32f4xx_hal_i2s.o
HAL_I2S_Transmit_DMA                              build/stm32f4xx_hal_i2s.o
HAL_I2S_Transmit_IT                               build/stm32f4xx_hal_i2s.o
HAL_I2S_TxCpltCallback                            build/stm32f4xx_hal_i2s.o
HAL_I2S_TxHalfCpltCallback                        build/stm32f4xx_hal_i2s.o
HAL_IncTick                                       build/stm32f4xx_hal.o
                                                  build/stm32f4xx_it.o
HAL_Init                                          build/stm32f4xx_hal.o
HAL_InitTick                                      build/stm32f4xx_hal.o
                                                  build/stm32f4xx_hal_rcc_ex.o
                                                  build/stm32f4xx_hal_rcc.o
HAL_MPU_ConfigRegion                              build/stm32f4xx_hal_cortex.o
HAL_MPU_Disable                                   build/stm32f4xx_hal_cortex.o
HAL_MPU_Enable                                    build/stm32f4xx_hal_cortex.o
HAL_MspDeInit                                     build/stm32f4xx_hal.o
HAL_MspInit                                       build/stm32f4xx_hal_msp.o
HAL_NVIC_ClearPendingIRQ                          build/stm32f4xx_hal_cortex.o
HAL_NVIC_DisableIRQ                               build/stm32f4xx_hal_cortex.o
                                                  build/usbh_conf.o
HAL_NVIC_EnableIRQ                                build/stm32f4xx_hal_cortex.o
                                                  build/usbh_conf.o
HAL_NVIC_GetActive                                build/stm32f4xx_hal_cortex.o
HAL_NVIC_GetPendingIRQ                            build/stm32f4xx_hal_cortex.o
HAL_NVIC_GetPriority                              build/stm32f4xx_hal_cortex.o
HAL_NVIC_GetPriorityGrouping                      build/stm32f4xx_hal_cortex.o
HAL_NVIC_SetPendingIRQ                            build/stm32f4xx_hal_cortex.o
HAL_NVIC_SetPriority                              build/stm32f4xx_hal_cortex.o
                                                  build/stm32f4xx_hal.o
                                                  build/usbh_conf.o
HAL_NVIC_SetPriorityGrouping                      build/stm32f4xx_hal_cortex.o
                                                  build/stm32f4xx_hal.o
                                                  build/stm32f4xx_hal_msp.o
HAL_NVIC_SystemReset                              build/stm32f4xx_hal_cortex.o
HAL_PWREx_ControlVoltageScaling                   build/stm32f4xx_hal_pwr_ex.o
HAL_PWREx_DisableBkUpReg                          build/stm32f4xx_hal_pwr_ex.o
HAL_PWREx_DisableFlashPowerDown                   build/stm32f4xx_hal_pwr_ex.o
HAL_PWREx_EnableBkUpReg                           build/stm32f4xx_hal_pwr_ex.o
HAL_PWREx_EnableFlashPowerDown                    build/stm32f4xx_hal_pwr_ex.o
HAL_PWREx_GetVoltageRange                         build/stm32f4xx_hal_pwr_ex.o
HAL_PWR_ConfigPVD                                 build/stm32f4xx_hal_pwr.o
HAL_PWR_DeInit                                    build/stm32f4xx_hal_pwr.o
HAL_PWR_DisableBkUpAccess                         build/stm32f4xx_hal_pwr.o
HAL_PWR_DisablePVD                                build/stm32f4xx_hal_pwr.o
HAL_PWR_DisableSEVOnPend                          build/stm32f4xx_hal_pwr.o
HAL_PWR_DisableSleepOnExit                        build/stm32f4xx_hal_pwr.o
HAL_PWR_DisableWakeUpPin                          build/stm32f4xx_hal_pwr.o
HAL_PWR_EnableBkUpAccess                          build/stm32f4xx_hal_pwr.o
HAL_PWR_EnablePVD                                 build/stm32f4xx_hal_pwr.o
HAL_PWR_EnableSEVOnPend                           build/stm32f4xx_hal_pwr.o
HAL_PWR_EnableSleepOnExit                         build/stm32f4xx_hal_pwr.o
HAL_PWR_EnableWakeUpPin                           build/stm32f4xx_hal_pwr.o
HAL_PWR_EnterSLEEPMode                            build/stm32f4xx_hal_pwr.o
HAL_PWR_EnterSTANDBYMode                          build/stm32f4xx_hal_pwr.o
HAL_PWR_EnterSTOPMode                             build/stm32f4xx_hal_pwr.o
HAL_PWR_PVDCallback                               build/stm32f4xx_hal_pwr.o
HAL_PWR_PVD_IRQHandler                            build/stm32f4xx_hal_pwr.o
HAL_RCCEx_DisablePLLI2S                           build/stm32f4xx_hal_rcc_ex.o
HAL_RCCEx_EnablePLLI2S                            build/stm32f4xx_hal_rcc_ex.o
HAL_RCCEx_GetPeriphCLKConfig                      build/stm32f4xx_hal_rcc_ex.o
HAL_RCCEx_GetPeriphCLKFreq                        build/stm32f4xx_hal_rcc_ex.o
                                                  build/stm32f4xx_hal_i2s.o
HAL_RCCEx_PeriphCLKConfig                         build/stm32f4xx_hal_rcc_ex.o
HAL_RCC_CSSCallback                               build/stm32f4xx_hal_rcc.o
HAL_RCC_ClockConfig                               build/stm32f4xx_hal_rcc.o
HAL_RCC_DeInit                                    build/stm32f4xx_hal_rcc_ex.o
                                                  build/stm32f4xx_hal_rcc.o
HAL_RCC_DisableCSS                                build/stm32f4xx_hal_rcc.o
HAL_RCC_EnableCSS                                 build/stm32f4xx_hal_rcc.o
HAL_RCC_GetClockConfig                            build/stm32f4xx_hal_rcc.o
HAL_RCC_GetHCLKFreq                               build/stm32f4xx_hal_rcc.o
HAL_RCC_GetOscConfig                              build/stm32f4xx_hal_rcc.o
HAL_RCC_GetPCLK1Freq                              build/stm32f4xx_hal_rcc.o
                                                  build/stm32f4xx_hal_i2c.o
HAL_RCC_GetPCLK2Freq                              build/stm32f4xx_hal_rcc.o
HAL_RCC_GetSysClockFreq                           build/stm32f4xx_hal_rcc.o
HAL_RCC_MCOConfig                                 build/stm32f4xx_hal_rcc.o
HAL_RCC_NMI_IRQHandler                            build/stm32f4xx_hal_rcc.o
HAL_RCC_OscConfig                                 build/stm32f4xx_hal_rcc.o
HAL_ResumeTick                                    build/stm32f4xx_hal.o
HAL_SPI_Abort                                     build/stm32f4xx_hal_spi.o
HAL_SPI_AbortCpltCallback                         build/stm32f4xx_hal_spi.o
HAL_SPI_Abort_IT                                  build/stm32f4xx_hal_spi.o
HAL_SPI_DMAPause                                  build/stm32f4xx_hal_spi.o
HAL_SPI_DMAResume                                 build/stm32f4xx_hal_spi.o
HAL_SPI_DMAStop                                   build/stm32f4xx_hal_spi.o
HAL_SPI_DeInit                                    build/stm32f4xx_hal_spi.o
HAL_SPI_ErrorCallback                             build/stm32f4xx_hal_spi.o
HAL_SPI_GetError                                  build/stm32f4xx_hal_spi.o
HAL_SPI_GetState                                  build/stm32f4xx_hal_spi.o
HAL_SPI_IRQHandler                                build/stm32f4xx_hal_spi.o
HAL_SPI_Init                                      build/stm32f4xx_hal_spi.o
HAL_SPI_MspDeInit                                 build/stm32f4xx_hal_msp.o
HAL_SPI_MspInit                                   build/stm32f4xx_hal_msp.o
HAL_SPI_Receive                                   build/stm32f4xx_hal_spi.o
HAL_SPI_Receive_DMA                               build/stm32f4xx_hal_spi.o
HAL_SPI_Receive_IT                                build/stm32f4xx_hal_spi.o
HAL_SPI_RxCpltCallback                            build/stm32f4xx_hal_spi.o
HAL_SPI_RxHalfCpltCallback                        build/stm32f4xx_hal_spi.o
HAL_SPI_Transmit                                  build/stm32f4xx_hal_spi.o
HAL_SPI_TransmitReceive                           build/stm32f4xx_hal_spi.o
HAL_SPI_TransmitReceive_DMA                       build/stm32f4xx_hal_spi.o
HAL_SPI_TransmitReceive_IT                        build/stm32f4xx_hal_spi.o
HAL_SPI_Transmit_DMA                              build/stm32f4xx_hal_spi.o
HAL_SPI_Transmit_IT                               build/stm32f4xx_hal_spi.o
HAL_SPI_TxCpltCallback                            build/stm32f4xx_hal_spi.o
HAL_SPI_TxHalfCpltCallback                        build/stm32f4xx_hal_spi.o
HAL_SPI_TxRxCpltCallback                          build/stm32f4xx_hal_spi.o
HAL_SPI_TxRxHalfCpltCallback                      build/stm32f4xx_hal_spi.o
HAL_SYSTICK_CLKSourceConfig                       build/stm32f4xx_hal_cortex.o
HAL_SYSTICK_Callback                              build/stm32f4xx_hal_cortex.o
HAL_SYSTICK_Config                                build/stm32f4xx_hal_cortex.o
                                                  build/stm32f4xx_hal.o
HAL_SYSTICK_IRQHandler                            build/stm32f4xx_hal_cortex.o
HAL_SetTickFreq                                   build/stm32f4xx_hal.o
HAL_SuspendTick                                   build/stm32f4xx_hal.o
HAL_TIMEx_BreakCallback                           build/stm32f4xx_hal_tim_ex.o
                                                  build/stm32f4xx_hal_tim.o
HAL_TIMEx_CommutCallback                          build/stm32f4xx_hal_tim_ex.o
                                                  build/stm32f4xx_hal_tim.o
HAL_TIMEx_CommutHalfCpltCallback                  build/stm32f4xx_hal_tim_ex.o
HAL_TIMEx_ConfigBreakDeadTime                     build/stm32f4xx_hal_tim_ex.o
HAL_TIMEx_ConfigCommutEvent                       build/stm32f4xx_hal_tim_ex.o
HAL_TIMEx_ConfigCommutEvent_DMA                   build/stm32f4xx_hal_tim_ex.o
HAL_TIMEx_ConfigCommutEvent_IT                    build/stm32f4xx_hal_tim_ex.o
HAL_TIMEx_HallSensor_DeInit                       build/stm32f4xx_hal_tim_ex.o
HAL_TIMEx_HallSensor_GetState                     build/stm32f4xx_hal_tim_ex.o
HAL_TIMEx_HallSensor_Init                         build/stm32f4xx_hal_tim_ex.o
HAL_TIMEx_HallSensor_MspDeInit                    build/stm32f4xx_hal_tim_ex.o
HAL_TIMEx_HallSensor_MspInit                      build/stm32f4xx_hal_tim_ex.o
HAL_TIMEx_HallSensor_Start                        build/stm32f4xx_hal_tim_ex.o
HAL_TIMEx_HallSensor_Start_DMA                    build/stm32f4xx_hal_tim_ex.o
HAL_TIMEx_HallSensor_Start_IT                     build/stm32f4xx_hal_tim_ex.o
HAL_TIMEx_HallSensor_Stop                         build/stm32f4xx_hal_tim_ex.o
HAL_TIMEx_HallSensor_Stop_DMA                     build/stm32f4xx_hal_tim_ex.o
HAL_TIMEx_HallSensor_Stop_IT                      build/stm32f4xx_hal_tim_ex.o
HAL_TIMEx_MasterConfigSynchronization             build/stm32f4xx_hal_tim_ex.o
HAL_TIMEx_OCN_Start                               build/stm32f4xx_hal_tim_ex.o
HAL_TIMEx_OCN_Start_DMA                           build/stm32f4xx_hal_tim_ex.o
HAL_TIMEx_OCN_Start_IT                            build/stm32f4xx_hal_tim_ex.o
HAL_TIMEx_OCN_Stop                                build/stm32f4xx_hal_tim_ex.o
HAL_TIMEx_OCN_Stop_DMA                            build/stm32f4xx_hal_tim_ex.o
HAL_TIMEx_OCN_Stop_IT                             build/stm32f4xx_hal_tim_ex.o
HAL_TIMEx_OnePulseN_Start                         build/stm32f4xx_hal_tim_ex.o
HAL_TIMEx_OnePulseN_Start_IT                      build/stm32f4xx_hal_tim_ex.o
HAL_TIMEx_OnePulseN_Stop                          build/stm32f4xx_hal_tim_ex.o
HAL_TIMEx_OnePulseN_Stop_IT                       build/stm32f4xx_hal_tim_ex.o
HAL_TIMEx_PWMN_Start                              build/stm32f4xx_hal_tim_ex.o
HAL_TIMEx_PWMN_Start_DMA                          build/stm32f4xx_hal_tim_ex.o
HAL_TIMEx_PWMN_Start_IT                           build/stm32f4xx_hal_tim_ex.o
HAL_TIMEx_PWMN_Stop                               build/stm32f4xx_hal_tim_ex.o
HAL_TIMEx_PWMN_Stop_DMA                           build/stm32f4xx_hal_tim_ex.o
HAL_TIMEx_PWMN_Stop_IT                            build/stm32f4xx_hal_tim_ex.o
HAL_TIMEx_RemapConfig                             build/stm32f4xx_hal_tim_ex.o
HAL_TIM_Base_DeInit                               build/stm32f4xx_hal_tim.o
HAL_TIM_Base_GetState                             build/stm32f4xx_hal_tim.o
HAL_TIM_Base_Init                                 build/stm32f4xx_hal_tim.o
HAL_TIM_Base_MspDeInit                            build/stm32f4xx_hal_msp.o
HAL_TIM_Base_MspInit                              build/stm32f4xx_hal_msp.o
HAL_TIM_Base_Start                                build/stm32f4xx_hal_tim.o
HAL_TIM_Base_Start_DMA                            build/stm32f4xx_hal_tim.o
HAL_TIM_Base_Start_IT                             build/stm32f4xx_hal_tim.o
HAL_TIM_Base_Stop                                 build/stm32f4xx_hal_tim.o
HAL_TIM_Base_Stop_DMA                             build/stm32f4xx_hal_tim.o
HAL_TIM_Base_Stop_IT                              build/stm32f4xx_hal_tim.o
HAL_TIM_ConfigClockSource                         build/stm32f4xx_hal_tim.o
HAL_TIM_ConfigOCrefClear                          build/stm32f4xx_hal_tim.o
HAL_TIM_ConfigTI1Input                            build/stm32f4xx_hal_tim.o
HAL_TIM_DMABurst_ReadStart                        build/stm32f4xx_hal_tim.o
HAL_TIM_DMABurst_ReadStop                         build/stm32f4xx_hal_tim.o
HAL_TIM_DMABurst_WriteStart                       build/stm32f4xx_hal_tim.o
HAL_TIM_DMABurst_WriteStop                        build/stm32f4xx_hal_tim.o
HAL_TIM_Encoder_DeInit                            build/stm32f4xx_hal_tim.o
HAL_TIM_Encoder_GetState                          build/stm32f4xx_hal_tim.o
HAL_TIM_Encoder_Init                              build/stm32f4xx_hal_tim.o
HAL_TIM_Encoder_MspDeInit                         build/stm32f4xx_hal_tim.o
HAL_TIM_Encoder_MspInit                           build/stm32f4xx_hal_tim.o
HAL_TIM_Encoder_Start                             build/stm32f4xx_hal_tim.o
HAL_TIM_Encoder_Start_DMA                         build/stm32f4xx_hal_tim.o
HAL_TIM_Encoder_Start_IT                          build/stm32f4xx_hal_tim.o
HAL_TIM_Encoder_Stop                              build/stm32f4xx_hal_tim.o
HAL_TIM_Encoder_Stop_DMA                          build/stm32f4xx_hal_tim.o
HAL_TIM_Encoder_Stop_IT                           build/stm32f4xx_hal_tim.o
HAL_TIM_ErrorCallback                             build/stm32f4xx_hal_tim.o
HAL_TIM_GenerateEvent                             build/stm32f4xx_hal_tim.o
HAL_TIM_IC_CaptureCallback                        build/stm32f4xx_hal_tim.o
HAL_TIM_IC_CaptureHalfCpltCallback                build/stm32f4xx_hal_tim.o
HAL_TIM_IC_ConfigChannel                          build/stm32f4xx_hal_tim.o
HAL_TIM_IC_DeInit                                 build/stm32f4xx_hal_tim.o
HAL_TIM_IC_GetState                               build/stm32f4xx_hal_tim.o
HAL_TIM_IC_Init                                   build/stm32f4xx_hal_tim.o
HAL_TIM_IC_MspDeInit                              build/stm32f4xx_hal_tim.o
HAL_TIM_IC_MspInit                                build/stm32f4xx_hal_tim.o
HAL_TIM_IC_Start                                  build/stm32f4xx_hal_tim.o
HAL_TIM_IC_Start_DMA                              build/stm32f4xx_hal_tim.o
HAL_TIM_IC_Start_IT                               build/stm32f4xx_hal_tim.o
HAL_TIM_IC_Stop                                   build/stm32f4xx_hal_tim.o
HAL_TIM_IC_Stop_DMA                               build/stm32f4xx_hal_tim.o
HAL_TIM_IC_Stop_IT                                build/stm32f4xx_hal_tim.o
HAL_TIM_IRQHandler                                build/stm32f4xx_hal_tim.o
HAL_TIM_MspPostInit                               build/stm32f4xx_hal_msp.o
HAL_TIM_OC_ConfigChannel                          build/stm32f4xx_hal_tim.o
HAL_TIM_OC_DeInit                                 build/stm32f4xx_hal_tim.o
HAL_TIM_OC_DelayElapsedCallback                   build/stm32f4xx_hal_tim.o
HAL_TIM_OC_GetState                               build/stm32f4xx_hal_tim.o
HAL_TIM_OC_Init                                   build/stm32f4xx_hal_tim.o
HAL_TIM_OC_MspDeInit                              build/stm32f4xx_hal_tim.o
HAL_TIM_OC_MspInit                                build/stm32f4xx_hal_tim.o
HAL_TIM_OC_Start                                  build/stm32f4xx_hal_tim.o
HAL_TIM_OC_Start_DMA                              build/stm32f4xx_hal_tim.o
HAL_TIM_OC_Start_IT                               build/stm32f4xx_hal_tim.o
HAL_TIM_OC_Stop                                   build/stm32f4xx_hal_tim.o
HAL_TIM_OC_Stop_DMA                               build/stm32f4xx_hal_tim.o
HAL_TIM_OC_Stop_IT                                build/stm32f4xx_hal_tim.o
HAL_TIM_OnePulse_ConfigChannel                    build/stm32f4xx_hal_tim.o
HAL_TIM_OnePulse_DeInit                           build/stm32f4xx_hal_tim.o
HAL_TIM_OnePulse_GetState                         build/stm32f4xx_hal_tim.o
HAL_TIM_OnePulse_Init                             build/stm32f4xx_hal_tim.o
HAL_TIM_OnePulse_MspDeInit                        build/stm32f4xx_hal_tim.o
HAL_TIM_OnePulse_MspInit                          build/stm32f4xx_hal_tim.o
HAL_TIM_OnePulse_Start                            build/stm32f4xx_hal_tim.o
HAL_TIM_OnePulse_Start_IT                         build/stm32f4xx_hal_tim.o
HAL_TIM_OnePulse_Stop                             build/stm32f4xx_hal_tim.o
HAL_TIM_OnePulse_Stop_IT                          build/stm32f4xx_hal_tim.o
HAL_TIM_PWM_ConfigChannel                         build/stm32f4xx_hal_tim.o
HAL_TIM_PWM_DeInit                                build/stm32f4xx_hal_tim.o
HAL_TIM_PWM_GetState                              build/stm32f4xx_hal_tim.o
HAL_TIM_PWM_Init                                  build/stm32f4xx_hal_tim.o
HAL_TIM_PWM_MspDeInit                             build/stm32f4xx_hal_tim.o
HAL_TIM_PWM_MspInit                               build/stm32f4xx_hal_tim.o
HAL_TIM_PWM_PulseFinishedCallback                 build/stm32f4xx_hal_tim.o
HAL_TIM_PWM_PulseFinishedHalfCpltCallback         build/stm32f4xx_hal_tim.o
HAL_TIM_PWM_Start                                 build/stm32f4xx_hal_tim.o
HAL_TIM_PWM_Start_DMA                             build/stm32f4xx_hal_tim.o
HAL_TIM_PWM_Start_IT                              build/stm32f4xx_hal_tim.o
HAL_TIM_PWM_Stop                                  build/stm32f4xx_hal_tim.o
HAL_TIM_PWM_Stop_DMA                              build/stm32f4xx_hal_tim.o
HAL_TIM_PWM_Stop_IT                               build/stm32f4xx_hal_tim.o
HAL_TIM_PeriodElapsedCallback                     build/stm32f4xx_hal_tim.o
HAL_TIM_PeriodElapsedHalfCpltCallback             build/stm32f4xx_hal_tim.o
HAL_TIM_ReadCapturedValue                         build/stm32f4xx_hal_tim.o
HAL_TIM_SlaveConfigSynchro                        build/stm32f4xx_hal_tim.o
HAL_TIM_SlaveConfigSynchro_IT                     build/stm32f4xx_hal_tim.o
HAL_TIM_TriggerCallback                           build/stm32f4xx_hal_tim.o
HAL_TIM_TriggerHalfCpltCallback                   build/stm32f4xx_hal_tim.o
HASH_RNG_IRQHandler                               build/startup_stm32f407xx.o
HardFault_Handler                                 build/stm32f4xx_it.o
I2C1_ER_IRQHandler                                build/startup_stm32f407xx.o
I2C1_EV_IRQHandler                                build/startup_stm32f407xx.o
I2C2_ER_IRQHandler                                build/startup_stm32f407xx.o
I2C2_EV_IRQHandler                                build/startup_stm32f407xx.o
I2C3_ER_IRQHandler                                build/startup_stm32f407xx.o
I2C3_EV_IRQHandler                                build/startup_stm32f407xx.o
MX_DriverVbusFS                                   build/usbh_platform.o
                                                  build/usbh_conf.o
MX_USB_HOST_Init                                  build/usb_host.o
MX_USB_HOST_Process                               build/usb_host.o
MemManage_Handler                                 build/stm32f4xx_it.o
NMI_Handler                                       build/stm32f4xx_it.o
OTG_FS_IRQHandler                                 build/stm32f4xx_it.o
OTG_FS_WKUP_IRQHandler                            build/startup_stm32f407xx.o
OTG_HS_EP1_IN_IRQHandler                          build/startup_stm32f407xx.o
OTG_HS_EP1_OUT_IRQHandler                         build/startup_stm32f407xx.o
OTG_HS_IRQHandler                                 build/startup_stm32f407xx.o
OTG_HS_WKUP_IRQHandler                            build/startup_stm32f407xx.o
PVD_IRQHandler                                    build/startup_stm32f407xx.o
PendSV_Handler                                    build/stm32f4xx_it.o
RCC_GetClocksFreq                                 build/tm_stm32f4_timer_properties.o
RCC_IRQHandler                                    build/startup_stm32f407xx.o
RTC_Alarm_IRQHandler                              build/startup_stm32f407xx.o
RTC_WKUP_IRQHandler                               build/startup_stm32f407xx.o
Reset_Handler                                     build/startup_stm32f407xx.o
SDIO_IRQHandler                                   build/startup_stm32f407xx.o
SPI1_IRQHandler                                   build/startup_stm32f407xx.o
SPI2_IRQHandler                                   build/startup_stm32f407xx.o
SPI3_IRQHandler                                   build/startup_stm32f407xx.o
SVC_Handler                                       build/stm32f4xx_it.o
SysTick_Handler                                   build/stm32f4xx_it.o
SystemCoreClock                                   build/system_stm32f4xx.o
                                                  build/stm32f4xx_hal_spi.o
                                                  build/stm32f4xx_hal_i2c.o
                                                  build/stm32f4xx_hal.o
                                                  build/stm32f4xx_hal_dma.o
                                                  build/stm32f4xx_hal_rcc_ex.o
                                                  build/stm32f4xx_hal_rcc.o
SystemCoreClockUpdate                             build/system_stm32f4xx.o
SystemInit                                        build/system_stm32f4xx.o
                                                  build/startup_stm32f407xx.o
                                                  build/main.o
TAMP_STAMP_IRQHandler                             build/startup_stm32f407xx.o
TIM1_BRK_TIM9_IRQHandler                          build/startup_stm32f407xx.o
TIM1_CC_IRQHandler                                build/startup_stm32f407xx.o
TIM1_TRG_COM_TIM11_IRQHandler                     build/startup_stm32f407xx.o
TIM1_UP_TIM10_IRQHandler                          build/startup_stm32f407xx.o
TIM2_IRQHandler                                   build/startup_stm32f407xx.o
TIM3_IRQHandler                                   build/startup_stm32f407xx.o
TIM4_IRQHandler                                   build/startup_stm32f407xx.o
TIM5_IRQHandler                                   build/startup_stm32f407xx.o
TIM6_DAC_IRQHandler                               build/startup_stm32f407xx.o
TIM7_IRQHandler                                   build/startup_stm32f407xx.o
TIM8_BRK_TIM12_IRQHandler                         build/startup_stm32f407xx.o
TIM8_CC_IRQHandler                                build/startup_stm32f407xx.o
TIM8_TRG_COM_TIM14_IRQHandler                     build/startup_stm32f407xx.o
TIM8_UP_TIM13_IRQHandler                          build/startup_stm32f407xx.o
TIMEx_DMACommutationCplt                          build/stm32f4xx_hal_tim_ex.o
                                                  build/stm32f4xx_hal_tim.o
TIMEx_DMACommutationHalfCplt                      build/stm32f4xx_hal_tim_ex.o
                                                  build/stm32f4xx_hal_tim.o
TIM_ARRPreloadConfig                              build/tm_stm32f4_pwm.o
TIM_Base_SetConfig                                build/stm32f4xx_hal_tim.o
                                                  build/stm32f4xx_hal_tim_ex.o
TIM_CCxChannelCmd                                 build/stm32f4xx_hal_tim.o
                                                  build/stm32f4xx_hal_tim_ex.o
TIM_CtrlPWMOutputs                                build/tm_stm32f4_pwm.o
TIM_DMACaptureCplt                                build/stm32f4xx_hal_tim.o
                                                  build/stm32f4xx_hal_tim_ex.o
TIM_DMACaptureHalfCplt                            build/stm32f4xx_hal_tim.o
                                                  build/stm32f4xx_hal_tim_ex.o
TIM_DMADelayPulseCplt                             build/stm32f4xx_hal_tim.o
                                                  build/stm32f4xx_hal_tim_ex.o
TIM_DMADelayPulseHalfCplt                         build/stm32f4xx_hal_tim.o
                                                  build/stm32f4xx_hal_tim_ex.o
TIM_DMAError                                      build/stm32f4xx_hal_tim.o
                                                  build/stm32f4xx_hal_tim_ex.o
TIM_ETR_SetConfig                                 build/stm32f4xx_hal_tim.o
TIM_OC1Init                                       build/tm_stm32f4_pwm.o
TIM_OC1PreloadConfig                              build/tm_stm32f4_pwm.o
TIM_OC2Init                                       build/tm_stm32f4_pwm.o
TIM_OC2PreloadConfig                              build/tm_stm32f4_pwm.o
TIM_OC2_SetConfig                                 build/stm32f4xx_hal_tim.o
                                                  build/stm32f4xx_hal_tim_ex.o
TIM_OC3Init                                       build/tm_stm32f4_pwm.o
TIM_OC3PreloadConfig                              build/tm_stm32f4_pwm.o
TIM_OC4Init                                       build/tm_stm32f4_pwm.o
TIM_OC4PreloadConfig                              build/tm_stm32f4_pwm.o
TIM_TI1_SetConfig                                 build/stm32f4xx_hal_tim.o
                                                  build/stm32f4xx_hal_tim_ex.o
TIM_TimeBaseInit                                  build/tm_stm32f4_pwm.o
TM_GPIO_DeInit                                    build/tm_stm32f4_gpio.o
TM_GPIO_GetFreePins                               build/tm_stm32f4_gpio.o
TM_GPIO_GetPinSource                              build/tm_stm32f4_gpio.o
TM_GPIO_GetPortSource                             build/tm_stm32f4_gpio.o
TM_GPIO_GetUsedPins                               build/tm_stm32f4_gpio.o
TM_GPIO_INT_DisableClock                          build/tm_stm32f4_gpio.o
TM_GPIO_INT_EnableClock                           build/tm_stm32f4_gpio.o
TM_GPIO_INT_Init                                  build/tm_stm32f4_gpio.o
TM_GPIO_Init                                      build/tm_stm32f4_gpio.o
TM_GPIO_InitAlternate                             build/tm_stm32f4_gpio.o
                                                  build/tm_stm32f4_pwm.o
TM_GPIO_Lock                                      build/tm_stm32f4_gpio.o
TM_GPIO_SetPinAsAlternate                         build/tm_stm32f4_gpio.o
TM_GPIO_SetPinAsAnalog                            build/tm_stm32f4_gpio.o
TM_GPIO_SetPinAsInput                             build/tm_stm32f4_gpio.o
TM_GPIO_SetPinAsOutput                            build/tm_stm32f4_gpio.o
TM_GPIO_SetPullResistor                           build/tm_stm32f4_gpio.o
TM_PWM_INT_InitTIM10Pins                          build/tm_stm32f4_pwm.o
TM_PWM_INT_InitTIM11Pins                          build/tm_stm32f4_pwm.o
TM_PWM_INT_InitTIM12Pins                          build/tm_stm32f4_pwm.o
TM_PWM_INT_InitTIM13Pins                          build/tm_stm32f4_pwm.o
TM_PWM_INT_InitTIM14Pins                          build/tm_stm32f4_pwm.o
TM_PWM_INT_InitTIM1Pins                           build/tm_stm32f4_pwm.o
TM_PWM_INT_InitTIM2Pins                           build/tm_stm32f4_pwm.o
TM_PWM_INT_InitTIM3Pins                           build/tm_stm32f4_pwm.o
TM_PWM_INT_InitTIM4Pins                           build/tm_stm32f4_pwm.o
TM_PWM_INT_InitTIM5Pins                           build/tm_stm32f4_pwm.o
TM_PWM_INT_InitTIM8Pins                           build/tm_stm32f4_pwm.o
TM_PWM_INT_InitTIM9Pins                           build/tm_stm32f4_pwm.o
TM_PWM_InitChannel                                build/tm_stm32f4_pwm.o
                                                  build/main.o
TM_PWM_InitTimer                                  build/tm_stm32f4_pwm.o
                                                  build/main.o
TM_PWM_SetChannel                                 build/tm_stm32f4_pwm.o
                                                  build/main.o
TM_PWM_SetChannelMicros                           build/tm_stm32f4_pwm.o
                                                  build/main.o
TM_PWM_SetChannelPercent                          build/tm_stm32f4_pwm.o
                                                  build/main.o
TM_TIMER_PROPERTIES_DisableClock                  build/tm_stm32f4_timer_properties.o
TM_TIMER_PROPERTIES_EnableClock                   build/tm_stm32f4_timer_properties.o
                                                  build/tm_stm32f4_pwm.o
TM_TIMER_PROPERTIES_GenerateDataForWorkingFrequency build/tm_stm32f4_timer_properties.o
                                                  build/tm_stm32f4_pwm.o
TM_TIMER_PROPERTIES_GetTimerProperties            build/tm_stm32f4_timer_properties.o
                                                  build/tm_stm32f4_pwm.o
UART4_IRQHandler                                  build/startup_stm32f407xx.o
UART5_IRQHandler                                  build/startup_stm32f407xx.o
USART1_IRQHandler                                 build/startup_stm32f407xx.o
USART2_IRQHandler                                 build/startup_stm32f407xx.o
USART3_IRQHandler                                 build/startup_stm32f407xx.o
USART6_IRQHandler                                 build/startup_stm32f407xx.o
USBH_AllocPipe                                    build/usbh_pipes.o
                                                  build/usbh_cdc.o
                                                  build/usbh_core.o
USBH_BulkReceiveData                              build/usbh_ioreq.o
                                                  build/usbh_cdc.o
USBH_BulkSendData                                 build/usbh_ioreq.o
                                                  build/usbh_cdc.o
USBH_CDC_GetLastReceivedDataSize                  build/usbh_cdc.o
USBH_CDC_GetLineCoding                            build/usbh_cdc.o
USBH_CDC_LineCodingChanged                        build/usbh_cdc.o
USBH_CDC_Receive                                  build/usbh_cdc.o
USBH_CDC_ReceiveCallback                          build/usbh_cdc.o
USBH_CDC_SetLineCoding                            build/usbh_cdc.o
USBH_CDC_Stop                                     build/usbh_cdc.o
USBH_CDC_Transmit                                 build/usbh_cdc.o
USBH_CDC_TransmitCallback                         build/usbh_cdc.o
USBH_ClosePipe                                    build/usbh_pipes.o
                                                  build/usbh_cdc.o
USBH_ClrFeature                                   build/usbh_ctlreq.o
                                                  build/usbh_cdc.o
USBH_CtlReceiveData                               build/usbh_ioreq.o
                                                  build/usbh_ctlreq.o
USBH_CtlReq                                       build/usbh_ctlreq.o
                                                  build/usbh_cdc.o
USBH_CtlSendData                                  build/usbh_ioreq.o
                                                  build/usbh_ctlreq.o
USBH_CtlSendSetup                                 build/usbh_ioreq.o
                                                  build/usbh_ctlreq.o
USBH_DeInit                                       build/usbh_core.o
USBH_Delay                                        build/usbh_conf.o
                                                  build/usbh_core.o
USBH_FindInterface                                build/usbh_core.o
                                                  build/usbh_cdc.o
USBH_FindInterfaceIndex                           build/usbh_core.o
USBH_FreePipe                                     build/usbh_pipes.o
                                                  build/usbh_cdc.o
                                                  build/usbh_core.o
USBH_GetActiveClass                               build/usbh_core.o
USBH_GetDescriptor                                build/usbh_ctlreq.o
USBH_GetNextDesc                                  build/usbh_ctlreq.o
USBH_Get_CfgDesc                                  build/usbh_ctlreq.o